Java HotSpot(TM) 64-Bit Server VM (25.251-b08) for windows-amd64 JRE (1.8.0_251-b08), built on Mar 12 2020 06:31:49 by "" with MS VC++ 10.0 (VS2010)
Memory: 4k page, physical 8273136k(3012960k free), swap 12367292k(5160888k free)
CommandLine flags: -XX:InitialHeapSize=536870912 -XX:MaxHeapSize=536870912 -XX:MaxNewSize=178958336 -XX:MaxTenuringThreshold=6 -XX:NewSize=178958336 -XX:OldPLABSize=16 -XX:OldSize=357912576 -XX:+PrintGC -XX:+PrintGCDateStamps -XX:+PrintGCDetails -XX:+PrintGCTimeStamps -XX:+UseCompressedClassPointers -XX:+UseCompressedOops -XX:+UseConcMarkSweepGC -XX:-UseLargePagesIndividualAllocation -XX:+UseParNewGC 
    2020-10-27T15:21:30.868+0800: 0.217: [GC (Allocation Failure) 2020-10-27T15:21:30.868+0800: 0.217: [ParNew: 139687K->17472K(157248K), 0.0130095 secs] 139687K->45627K(506816K), 0.0131496 secs] [Times: user=0.00 sys=0.00, real=0.01 secs] 
    2020-10-27T15:21:30.910+0800: 0.259: [GC (Allocation Failure) 2020-10-27T15:21:30.910+0800: 0.259: [ParNew: 157248K->17472K(157248K), 0.0178210 secs] 185403K->95122K(506816K), 0.0179217 secs] [Times: user=0.00 sys=0.06, real=0.02 secs] 
    2020-10-27T15:21:30.958+0800: 0.307: [GC (Allocation Failure) 2020-10-27T15:21:30.958+0800: 0.307: [ParNew: 157169K->17472K(157248K), 0.0188150 secs] 234819K->137528K(506816K), 0.0189050 secs] [Times: user=0.09 sys=0.02, real=0.02 secs] 
    2020-10-27T15:21:31.011+0800: 0.359: [GC (Allocation Failure) 2020-10-27T15:21:31.011+0800: 0.360: [ParNew: 157248K->17472K(157248K), 0.0165258 secs] 277304K->177681K(506816K), 0.0166277 secs] [Times: user=0.05 sys=0.02, real=0.02 secs] 
    2020-10-27T15:21:31.054+0800: 0.403: [GC (Allocation Failure) 2020-10-27T15:21:31.054+0800: 0.403: [ParNew: 157248K->17472K(157248K), 0.0212432 secs] 317457K->228360K(506816K), 0.0213356 secs] [Times: user=0.06 sys=0.00, real=0.02 secs] 
上来5个YGC，平均20ms，跟之前的情况差不多


    2020-10-27T15:21:31.076+0800: 0.424: [GC (CMS Initial Mark) [1 CMS-initial-mark: 210888K(349568K)] 228790K(506816K), 0.0001578 secs] [Times: user=0.00 sys=0.00, real=0.00 secs] 
    2020-10-27T15:21:31.076+0800: 0.424: [CMS-concurrent-mark-start]
    2020-10-27T15:21:31.081+0800: 0.429: [CMS-concurrent-mark: 0.005/0.005 secs] [Times: user=0.00 sys=0.00, real=0.01 secs] 
    2020-10-27T15:21:31.081+0800: 0.430: [CMS-concurrent-preclean-start]
    2020-10-27T15:21:31.082+0800: 0.431: [CMS-concurrent-preclean: 0.001/0.001 secs] [Times: user=0.00 sys=0.00, real=0.00 secs] 
    2020-10-27T15:21:31.082+0800: 0.431: [CMS-concurrent-abortable-preclean-start]
CMS常规执行

    2020-10-27T15:21:31.104+0800: 0.453: [GC (Allocation Failure) 2020-10-27T15:21:31.104+0800: 0.453: [ParNew: 157248K->17472K(157248K), 0.0278788 secs] 368136K->270773K(506816K), 0.0279745 secs] [Times: user=0.09 sys=0.02, real=0.03 secs] 
    2020-10-27T15:21:31.162+0800: 0.510: [GC (Allocation Failure) 2020-10-27T15:21:31.162+0800: 0.510: [ParNew: 157182K->17471K(157248K), 0.0275406 secs] 410483K->313478K(506816K), 0.0276269 secs] [Times: user=0.08 sys=0.05, real=0.03 secs] 
    2020-10-27T15:21:31.219+0800: 0.568: [GC (Allocation Failure) 2020-10-27T15:21:31.219+0800: 0.568: [ParNew: 157247K->17471K(157248K), 0.0392146 secs] 453254K->355763K(506816K), 0.0393050 secs] [Times: user=0.06 sys=0.03, real=0.04 secs] 
可以看到这里，在并发可终止预清理开始时，并发期间导致Young区又满了，又只能往Old区里面扔，总使用量一直在涨

2020-10-27T15:21:31.258+0800: 0.607: [CMS-concurrent-abortable-preclean: 0.006/0.176 secs] [Times: user=0.33 sys=0.09, real=0.18 secs] 
2020-10-27T15:21:31.259+0800: 0.608: [GC (CMS Final Remark) [YG occupancy: 20789 K (157248 K)]2020-10-27T15:21:31.259+0800: 0.608: [Rescan (parallel) , 0.0005613 secs]2020-10-27T15:21:31.260+0800: 0.608: [weak refs processing, 0.0000300 secs]2020-10-27T15:21:31.260+0800: 0.608: [class unloading, 0.0002231 secs]2020-10-27T15:21:31.260+0800: 0.609: [scrub symbol table, 0.0004060 secs]2020-10-27T15:21:31.261+0800: 0.609: [scrub string table, 0.0001336 secs][1 CMS-remark: 338292K(349568K)] 359081K(506816K), 0.0015044 secs] [Times: user=0.00 sys=0.00, real=0.00 secs] 
2020-10-27T15:21:31.262+0800: 0.611: [CMS-concurrent-sweep-start]
2020-10-27T15:21:31.263+0800: 0.611: [CMS-concurrent-sweep: 0.001/0.001 secs] [Times: user=0.00 sys=0.00, real=0.00 secs] 
2020-10-27T15:21:31.263+0800: 0.612: [CMS-concurrent-reset-start]
2020-10-27T15:21:31.263+0800: 0.612: [CMS-concurrent-reset: 0.000/0.000 secs] [Times: user=0.00 sys=0.00, real=0.00 secs] 
2020-10-27T15:21:31.289+0800: 0.638: [GC (Allocation Failure) 2020-10-27T15:21:31.289+0800: 0.638: [ParNew: 157119K->17470K(157248K), 0.0129191 secs] 455191K->358632K(506816K), 0.0130144 secs] [Times: user=0.00 sys=0.00, real=0.01 secs] 
2020-10-27T15:21:31.302+0800: 0.651: [GC (CMS Initial Mark) [1 CMS-initial-mark: 341161K(349568K)] 358856K(506816K), 0.0001040 secs] [Times: user=0.00 sys=0.00, real=0.00 secs] 
2020-10-27T15:21:31.302+0800: 0.651: [CMS-concurrent-mark-start]
2020-10-27T15:21:31.305+0800: 0.653: [CMS-concurrent-mark: 0.002/0.002 secs] [Times: user=0.02 sys=0.00, real=0.00 secs] 
2020-10-27T15:21:31.305+0800: 0.653: [CMS-concurrent-preclean-start]
2020-10-27T15:21:31.305+0800: 0.654: [CMS-concurrent-preclean: 0.001/0.001 secs] [Times: user=0.00 sys=0.00, real=0.00 secs] 
2020-10-27T15:21:31.306+0800: 0.654: [CMS-concurrent-abortable-preclean-start]
2020-10-27T15:21:31.306+0800: 0.654: [CMS-concurrent-abortable-preclean: 0.000/0.000 secs] [Times: user=0.00 sys=0.00, real=0.00 secs] 
2020-10-27T15:21:31.306+0800: 0.654: [GC (CMS Final Remark) [YG occupancy: 23735 K (157248 K)]2020-10-27T15:21:31.306+0800: 0.654: [Rescan (parallel) , 0.0005091 secs]2020-10-27T15:21:31.306+0800: 0.655: [weak refs processing, 0.0000123 secs]2020-10-27T15:21:31.306+0800: 0.655: [class unloading, 0.0002227 secs]2020-10-27T15:21:31.307+0800: 0.655: [scrub symbol table, 0.0004101 secs]2020-10-27T15:21:31.307+0800: 0.656: [scrub string table, 0.0001307 secs][1 CMS-remark: 341161K(349568K)] 364897K(506816K), 0.0013918 secs] [Times: user=0.00 sys=0.00, real=0.00 secs] 
2020-10-27T15:21:31.308+0800: 0.656: [CMS-concurrent-sweep-start]
2020-10-27T15:21:31.309+0800: 0.657: [CMS-concurrent-sweep: 0.001/0.001 secs] [Times: user=0.00 sys=0.00, real=0.00 secs] 
2020-10-27T15:21:31.309+0800: 0.657: [CMS-concurrent-reset-start]
2020-10-27T15:21:31.309+0800: 0.658: [CMS-concurrent-reset: 0.000/0.000 secs] [Times: user=0.00 sys=0.00, real=0.00 secs] 
2020-10-27T15:21:31.334+0800: 0.683: [GC (Allocation Failure) 2020-10-27T15:21:31.334+0800: 0.683: [ParNew: 156915K->17472K(157248K), 0.0124075 secs] 392429K->305378K(506816K), 0.0124995 secs] [Times: user=0.05 sys=0.00, real=0.01 secs] 
2020-10-27T15:21:31.347+0800: 0.695: [GC (CMS Initial Mark) [1 CMS-initial-mark: 287906K(349568K)] 306112K(506816K), 0.0001015 secs] [Times: user=0.00 sys=0.00, real=0.00 secs] 
2020-10-27T15:21:31.347+0800: 0.696: [CMS-concurrent-mark-start]
2020-10-27T15:21:31.350+0800: 0.698: [CMS-concurrent-mark: 0.003/0.003 secs] [Times: user=0.00 sys=0.00, real=0.00 secs] 
2020-10-27T15:21:31.350+0800: 0.698: [CMS-concurrent-preclean-start]
2020-10-27T15:21:31.351+0800: 0.699: [CMS-concurrent-preclean: 0.001/0.001 secs] [Times: user=0.05 sys=0.00, real=0.00 secs] 
2020-10-27T15:21:31.351+0800: 0.699: [CMS-concurrent-abortable-preclean-start]
2020-10-27T15:21:31.377+0800: 0.725: [GC (Allocation Failure) 2020-10-27T15:21:31.377+0800: 0.725: [ParNew: 157248K->17471K(157248K), 0.0100508 secs] 445154K->345817K(506816K), 0.0101424 secs] [Times: user=0.05 sys=0.00, real=0.01 secs] 
2020-10-27T15:21:31.389+0800: 0.737: [CMS-concurrent-abortable-preclean: 0.002/0.038 secs] [Times: user=0.06 sys=0.00, real=0.04 secs] 
2020-10-27T15:21:31.389+0800: 0.737: [GC (CMS Final Remark) [YG occupancy: 24781 K (157248 K)]2020-10-27T15:21:31.389+0800: 0.737: [Rescan (parallel) , 0.0004245 secs]2020-10-27T15:21:31.389+0800: 0.738: [weak refs processing, 0.0000140 secs]2020-10-27T15:21:31.389+0800: 0.738: [class unloading, 0.0002112 secs]2020-10-27T15:21:31.389+0800: 0.738: [scrub symbol table, 0.0004191 secs]2020-10-27T15:21:31.390+0800: 0.738: [scrub string table, 0.0001327 secs][1 CMS-remark: 328345K(349568K)] 353127K(506816K), 0.0012993 secs] [Times: user=0.00 sys=0.00, real=0.00 secs] 
2020-10-27T15:21:31.390+0800: 0.739: [CMS-concurrent-sweep-start]
2020-10-27T15:21:31.391+0800: 0.740: [CMS-concurrent-sweep: 0.001/0.001 secs] [Times: user=0.00 sys=0.00, real=0.00 secs] 
2020-10-27T15:21:31.391+0800: 0.740: [CMS-concurrent-reset-start]
2020-10-27T15:21:31.392+0800: 0.740: [CMS-concurrent-reset: 0.001/0.001 secs] [Times: user=0.00 sys=0.00, real=0.00 secs] 
2020-10-27T15:21:31.417+0800: 0.766: [GC (Allocation Failure) 2020-10-27T15:21:31.417+0800: 0.766: [ParNew: 157247K->157247K(157248K), 0.0000218 secs]2020-10-27T15:21:31.417+0800: 0.766: [CMS: 304431K->299004K(349568K), 0.0512004 secs] 461678K->299004K(506816K), [Metaspace: 2683K->2683K(1056768K)], 0.0513348 secs] [Times: user=0.05 sys=0.00, real=0.05 secs] 
2020-10-27T15:21:31.469+0800: 0.817: [GC (CMS Initial Mark) [1 CMS-initial-mark: 299004K(349568K)] 299292K(506816K), 0.0001475 secs] [Times: user=0.00 sys=0.00, real=0.00 secs] 
2020-10-27T15:21:31.469+0800: 0.818: [CMS-concurrent-mark-start]
2020-10-27T15:21:31.471+0800: 0.820: [CMS-concurrent-mark: 0.002/0.002 secs] [Times: user=0.00 sys=0.00, real=0.00 secs] 
2020-10-27T15:21:31.471+0800: 0.820: [CMS-concurrent-preclean-start]
2020-10-27T15:21:31.472+0800: 0.821: [CMS-concurrent-preclean: 0.001/0.001 secs] [Times: user=0.00 sys=0.00, real=0.00 secs] 
2020-10-27T15:21:31.472+0800: 0.821: [CMS-concurrent-abortable-preclean-start]
2020-10-27T15:21:31.497+0800: 0.846: [GC (Allocation Failure) 2020-10-27T15:21:31.497+0800: 0.846: [ParNew: 139776K->17471K(157248K), 0.0084663 secs] 438780K->342617K(506816K), 0.0085698 secs] [Times: user=0.00 sys=0.00, real=0.01 secs] 
2020-10-27T15:21:31.535+0800: 0.884: [GC (Allocation Failure) 2020-10-27T15:21:31.535+0800: 0.884: [ParNew: 157242K->157242K(157248K), 0.0000214 secs]2020-10-27T15:21:31.535+0800: 0.884: [CMS2020-10-27T15:21:31.535+0800: 0.884: [CMS-concurrent-abortable-preclean: 0.003/0.063 secs] [Times: user=0.08 sys=0.00, real=0.06 secs] 
 (concurrent mode failure): 325145K->307661K(349568K), 0.0520634 secs] 482387K->307661K(506816K), [Metaspace: 2683K->2683K(1056768K)], 0.0521936 secs] [Times: user=0.06 sys=0.00, real=0.05 secs] 
2020-10-27T15:21:31.615+0800: 0.964: [GC (Allocation Failure) 2020-10-27T15:21:31.615+0800: 0.964: [ParNew: 139681K->17471K(157248K), 0.0093987 secs] 447343K->358861K(506816K), 0.0094920 secs] [Times: user=0.05 sys=0.00, real=0.01 secs] 
2020-10-27T15:21:31.625+0800: 0.973: [GC (CMS Initial Mark) [1 CMS-initial-mark: 341390K(349568K)] 359149K(506816K), 0.0001861 secs] [Times: user=0.00 sys=0.00, real=0.00 secs] 
2020-10-27T15:21:31.625+0800: 0.974: [CMS-concurrent-mark-start]
2020-10-27T15:21:31.629+0800: 0.977: [CMS-concurrent-mark: 0.004/0.004 secs] [Times: user=0.00 sys=0.00, real=0.00 secs] 
2020-10-27T15:21:31.629+0800: 0.977: [CMS-concurrent-preclean-start]
2020-10-27T15:21:31.630+0800: 0.979: [CMS-concurrent-preclean: 0.001/0.001 secs] [Times: user=0.00 sys=0.00, real=0.00 secs] 
2020-10-27T15:21:31.630+0800: 0.979: [CMS-concurrent-abortable-preclean-start]
2020-10-27T15:21:31.630+0800: 0.979: [CMS-concurrent-abortable-preclean: 0.000/0.000 secs] [Times: user=0.00 sys=0.00, real=0.00 secs] 
2020-10-27T15:21:31.630+0800: 0.979: [GC (CMS Final Remark) [YG occupancy: 33765 K (157248 K)]2020-10-27T15:21:31.630+0800: 0.979: [Rescan (parallel) , 0.0004787 secs]2020-10-27T15:21:31.631+0800: 0.979: [weak refs processing, 0.0000127 secs]2020-10-27T15:21:31.631+0800: 0.979: [class unloading, 0.0002194 secs]2020-10-27T15:21:31.631+0800: 0.980: [scrub symbol table, 0.0004072 secs]2020-10-27T15:21:31.632+0800: 0.980: [scrub string table, 0.0001331 secs][1 CMS-remark: 341390K(349568K)] 375155K(506816K), 0.0013507 secs] [Times: user=0.05 sys=0.00, real=0.00 secs] 
2020-10-27T15:21:31.632+0800: 0.980: [CMS-concurrent-sweep-start]
2020-10-27T15:21:31.633+0800: 0.981: [CMS-concurrent-sweep: 0.001/0.001 secs] [Times: user=0.00 sys=0.00, real=0.00 secs] 
2020-10-27T15:21:31.633+0800: 0.981: [CMS-concurrent-reset-start]
2020-10-27T15:21:31.633+0800: 0.982: [CMS-concurrent-reset: 0.001/0.001 secs] [Times: user=0.00 sys=0.00, real=0.00 secs] 
2020-10-27T15:21:31.658+0800: 1.007: [GC (Allocation Failure) 2020-10-27T15:21:31.658+0800: 1.007: [ParNew (promotion failed): 157247K->157247K(157248K), 0.0132618 secs]2020-10-27T15:21:31.671+0800: 1.020: [CMS: 348270K->328322K(349568K), 0.0551815 secs] 463299K->328322K(506816K), [Metaspace: 2683K->2683K(1056768K)], 0.0685825 secs] [Times: user=0.13 sys=0.00, real=0.07 secs] 
2020-10-27T15:21:31.727+0800: 1.075: [GC (CMS Initial Mark) [1 CMS-initial-mark: 328322K(349568K)] 328466K(506816K), 0.0001044 secs] [Times: user=0.00 sys=0.00, real=0.00 secs] 
2020-10-27T15:21:31.727+0800: 1.076: [CMS-concurrent-mark-start]
2020-10-27T15:21:31.731+0800: 1.080: [CMS-concurrent-mark: 0.004/0.004 secs] [Times: user=0.00 sys=0.00, real=0.00 secs] 
2020-10-27T15:21:31.731+0800: 1.080: [CMS-concurrent-preclean-start]
2020-10-27T15:21:31.732+0800: 1.081: [CMS-concurrent-preclean: 0.001/0.001 secs] [Times: user=0.00 sys=0.00, real=0.00 secs] 
2020-10-27T15:21:31.732+0800: 1.081: [CMS-concurrent-abortable-preclean-start]
2020-10-27T15:21:31.732+0800: 1.081: [CMS-concurrent-abortable-preclean: 0.000/0.000 secs] [Times: user=0.00 sys=0.00, real=0.00 secs] 
2020-10-27T15:21:31.732+0800: 1.081: [GC (CMS Final Remark) [YG occupancy: 22866 K (157248 K)]2020-10-27T15:21:31.733+0800: 1.081: [Rescan (parallel) , 0.0003575 secs]2020-10-27T15:21:31.733+0800: 1.081: [weak refs processing, 0.0000131 secs]2020-10-27T15:21:31.733+0800: 1.082: [class unloading, 0.0002104 secs]2020-10-27T15:21:31.733+0800: 1.082: [scrub symbol table, 0.0004183 secs]2020-10-27T15:21:31.734+0800: 1.082: [scrub string table, 0.0001529 secs][1 CMS-remark: 328322K(349568K)] 351189K(506816K), 0.0012656 secs] [Times: user=0.00 sys=0.00, real=0.00 secs] 
2020-10-27T15:21:31.734+0800: 1.082: [CMS-concurrent-sweep-start]
2020-10-27T15:21:31.734+0800: 1.083: [CMS-concurrent-sweep: 0.001/0.001 secs] [Times: user=0.00 sys=0.00, real=0.00 secs] 
2020-10-27T15:21:31.734+0800: 1.083: [CMS-concurrent-reset-start]
2020-10-27T15:21:31.735+0800: 1.084: [CMS-concurrent-reset: 0.001/0.001 secs] [Times: user=0.00 sys=0.00, real=0.00 secs] 
2020-10-27T15:21:31.758+0800: 1.107: [GC (Allocation Failure) 2020-10-27T15:21:31.758+0800: 1.107: [ParNew: 139776K->139776K(157248K), 0.0000205 secs]2020-10-27T15:21:31.758+0800: 1.107: [CMS: 328148K->333498K(349568K), 0.0606661 secs] 467924K->333498K(506816K), [Metaspace: 2683K->2683K(1056768K)], 0.0607926 secs] [Times: user=0.06 sys=0.00, real=0.06 secs] 
2020-10-27T15:21:31.819+0800: 1.168: [GC (CMS Initial Mark) [1 CMS-initial-mark: 333498K(349568K)] 333617K(506816K), 0.0001085 secs] [Times: user=0.00 sys=0.00, real=0.00 secs] 
2020-10-27T15:21:31.819+0800: 1.168: [CMS-concurrent-mark-start]
Heap
 par new generation   total 157248K, used 5694K [0x00000000e0000000, 0x00000000eaaa0000, 0x00000000eaaa0000)
  eden space 139776K,   4% used [0x00000000e0000000, 0x00000000e058fb90, 0x00000000e8880000)
  from space 17472K,   0% used [0x00000000e8880000, 0x00000000e8880000, 0x00000000e9990000)
  to   space 17472K,   0% used [0x00000000e9990000, 0x00000000e9990000, 0x00000000eaaa0000)
 concurrent mark-sweep generation total 349568K, used 333498K [0x00000000eaaa0000, 0x0000000100000000, 0x0000000100000000)
 Metaspace       used 2689K, capacity 4486K, committed 4864K, reserved 1056768K
  class space    used 288K, capacity 386K, committed 512K, reserved 1048576K
