Java HotSpot(TM) 64-Bit Server VM (25.251-b08) for windows-amd64 JRE (1.8.0_251-b08), built on Mar 12 2020 06:31:49 by "" with MS VC++ 10.0 (VS2010)
Memory: 4k page, physical 8273136k(3025516k free), swap 12367292k(5193388k free)
CommandLine flags: -XX:InitialHeapSize=2147483648 -XX:MaxHeapSize=2147483648 -XX:MaxNewSize=348966912 -XX:MaxTenuringThreshold=6 -XX:NewSize=348966912 -XX:OldPLABSize=16 -XX:OldSize=697933824 -XX:+PrintGC -XX:+PrintGCDateStamps -XX:+PrintGCDetails -XX:+PrintGCTimeStamps -XX:+UseCompressedClassPointers -XX:+UseCompressedOops -XX:+UseConcMarkSweepGC -XX:-UseLargePagesIndividualAllocation -XX:+UseParNewGC 
2020-10-27T15:26:17.871+0800: 0.230: [GC (Allocation Failure) 2020-10-27T15:26:17.871+0800: 0.230: [ParNew: 272640K->34048K(306688K), 0.0248248 secs] 272640K->86335K(2063104K), 0.0249838 secs] [Times: user=0.01 sys=0.08, real=0.02 secs] 
2020-10-27T15:26:17.954+0800: 0.313: [GC (Allocation Failure) 2020-10-27T15:26:17.954+0800: 0.313: [ParNew: 306621K->34046K(306688K), 0.0313556 secs] 358908K->165769K(2063104K), 0.0314699 secs] [Times: user=0.09 sys=0.03, real=0.03 secs] 
2020-10-27T15:26:18.038+0800: 0.398: [GC (Allocation Failure) 2020-10-27T15:26:18.038+0800: 0.398: [ParNew: 306686K->34048K(306688K), 0.0392651 secs] 438409K->243636K(2063104K), 0.0393543 secs] [Times: user=0.13 sys=0.00, real=0.04 secs] 
2020-10-27T15:26:18.132+0800: 0.491: [GC (Allocation Failure) 2020-10-27T15:26:18.132+0800: 0.491: [ParNew: 306688K->34048K(306688K), 0.0571428 secs] 516276K->322142K(2063104K), 0.0572316 secs] [Times: user=0.20 sys=0.05, real=0.06 secs] 
2020-10-27T15:26:18.246+0800: 0.606: [GC (Allocation Failure) 2020-10-27T15:26:18.246+0800: 0.606: [ParNew: 306688K->34048K(306688K), 0.0445796 secs] 594782K->394643K(2063104K), 0.0446745 secs] [Times: user=0.05 sys=0.01, real=0.04 secs] 
2020-10-27T15:26:18.347+0800: 0.707: [GC (Allocation Failure) 2020-10-27T15:26:18.347+0800: 0.707: [ParNew: 306688K->34048K(306688K), 0.0548786 secs] 667283K->477172K(2063104K), 0.0549838 secs] [Times: user=0.09 sys=0.03, real=0.06 secs] 
2020-10-27T15:26:18.458+0800: 0.818: [GC (Allocation Failure) 2020-10-27T15:26:18.458+0800: 0.818: [ParNew: 306688K->34048K(306688K), 0.0545425 secs] 749812K->559251K(2063104K), 0.0546477 secs] [Times: user=0.13 sys=0.03, real=0.06 secs] 
2020-10-27T15:26:18.571+0800: 0.930: [GC (Allocation Failure) 2020-10-27T15:26:18.571+0800: 0.930: [ParNew: 306688K->34048K(306688K), 0.0532912 secs] 831891K->639590K(2063104K), 0.0534009 secs] [Times: user=0.16 sys=0.03, real=0.05 secs] 
2020-10-27T15:26:18.685+0800: 1.044: [GC (Allocation Failure) 2020-10-27T15:26:18.685+0800: 1.044: [ParNew: 306688K->34048K(306688K), 0.0474984 secs] 912230K->709568K(2063104K), 0.0475896 secs] [Times: user=0.16 sys=0.01, real=0.05 secs] 
Heap
 par new generation   total 306688K, used 45222K [0x0000000080000000, 0x0000000094cc0000, 0x0000000094cc0000)
  eden space 272640K,   4% used [0x0000000080000000, 0x0000000080ae9aa0, 0x0000000090a40000)
  from space 34048K, 100% used [0x0000000092b80000, 0x0000000094cc0000, 0x0000000094cc0000)
  to   space 34048K,   0% used [0x0000000090a40000, 0x0000000090a40000, 0x0000000092b80000)
 concurrent mark-sweep generation total 1756416K, used 675520K [0x0000000094cc0000, 0x0000000100000000, 0x0000000100000000)
 Metaspace       used 2689K, capacity 4486K, committed 4864K, reserved 1056768K
  class space    used 288K, capacity 386K, committed 512K, reserved 1048576K
