调整不同垃圾收集器和不同堆大小，对其GC日志进行分析

ParNew + CMS + (Serial Old) Xms256m Xmx256m 

    Java HotSpot(TM) 64-Bit Server VM (25.251-b08) for windows-amd64 JRE (1.8.0_251-b08), built on Mar 12 2020 06:31:49 by "" with MS VC++ 10.0 (VS2010)
    Memory: 4k page, physical 8273136k(3020800k free), swap 12367292k(5219612k free)
    CommandLine flags: -XX:InitialHeapSize=268435456 -XX:MaxHeapSize=268435456 -XX:MaxNewSize=89481216 -XX:MaxTenuringThreshold=6 -XX:NewSize=89481216 -XX:OldPLABSize=16 -XX:OldSize=178954240 -XX:+PrintGC -XX:+PrintGCDateStamps -XX:+PrintGCDetails -XX:+PrintGCTimeStamps -XX:+UseCompressedClassPointers -XX:+UseCompressedOops -XX:+UseConcMarkSweepGC -XX:-UseLargePagesIndividualAllocation -XX:+UseParNewGC 
    2020-10-27T15:25:28.285+0800: 0.146: [GC (Allocation Failure) 2020-10-27T15:25:28.285+0800: 0.146: [ParNew: 69952K->8703K(78656K), 0.0063163 secs] 69952K->23419K(253440K), 0.0064638 secs] [Times: user=0.00 sys=0.00, real=0.01 secs] 
    2020-10-27T15:25:28.309+0800: 0.170: [GC (Allocation Failure) 2020-10-27T15:25:28.309+0800: 0.170: [ParNew: 78313K->8704K(78656K), 0.0107872 secs] 93028K->51676K(253440K), 0.0108870 secs] [Times: user=0.00 sys=0.06, real=0.01 secs] 
    2020-10-27T15:25:28.334+0800: 0.195: [GC (Allocation Failure) 2020-10-27T15:25:28.334+0800: 0.195: [ParNew: 78656K->8703K(78656K), 0.0101281 secs] 121628K->73814K(253440K), 0.0102275 secs] [Times: user=0.00 sys=0.00, real=0.01 secs] 
    2020-10-27T15:25:28.359+0800: 0.220: [GC (Allocation Failure) 2020-10-27T15:25:28.359+0800: 0.220: [ParNew: 78515K->8704K(78656K), 0.0092154 secs] 143627K->93859K(253440K), 0.0093079 secs] [Times: user=0.06 sys=0.00, real=0.01 secs] 
    2020-10-27T15:25:28.384+0800: 0.245: [GC (Allocation Failure) 2020-10-27T15:25:28.384+0800: 0.245: [ParNew: 78598K->8704K(78656K), 0.0083204 secs] 163753K->111400K(253440K), 0.0084112 secs] [Times: user=0.00 sys=0.00, real=0.01 secs] 
5次YGC,因为ParNew使用的标记-复制，所以上面的YGC原因跟Parallel的是一样的，Young区空间不够分配。

    2020-10-27T15:25:28.393+0800: 0.254: [GC (CMS Initial Mark) [1 CMS-initial-mark: 102696K(174784K)] 111544K(253440K), 0.0001212 secs] [Times: user=0.00 sys=0.00, real=0.00 secs] 
CMS初始标记，能看出来CMS的初始标记引发的STW短到系统都记录不到

    2020-10-27T15:25:28.393+0800: 0.254: [CMS-concurrent-mark-start]
    2020-10-27T15:25:28.395+0800: 0.256: [CMS-concurrent-mark: 0.002/0.002 secs] [Times: user=0.01 sys=0.02, real=0.00 secs] 
CMS的并发标记阶段开始，时间也是很短。

    2020-10-27T15:25:28.395+0800: 0.256: [CMS-concurrent-preclean-start]
    2020-10-27T15:25:28.395+0800: 0.256: [CMS-concurrent-preclean: 0.000/0.000 secs] [Times: user=0.00 sys=0.00, real=0.00 secs] 
CMS并发预清理阶段，这个阶段是对CMS进行增量跟新操作，追踪并发阶段被标记的对象有发生引用改变的对象，将对应堆内存变脏，实际上也就是把CMS中的卡表变脏。

    2020-10-27T15:25:28.395+0800: 0.257: [CMS-concurrent-abortable-preclean-start]
CMS并发可中止的预清理阶段。这个阶段其实跟上一个阶段做的东西一样，也是为了减少下一个STW重新标记阶段的工作量。增加这一阶段是为了让我们可以控制这个阶段的结束时机，比如扫描多长时间（默认5秒）或者Eden区使用占比达到期望比例（默认50%）就结束本阶段

    2020-10-27T15:25:28.407+0800: 0.268: [GC (Allocation Failure) 2020-10-27T15:25:28.407+0800: 0.268: [ParNew: 78656K->8700K(78656K), 0.0099025 secs] 181352K->133116K(253440K), 0.0099925 secs] [Times: user=0.06 sys=0.00, real=0.01 secs] 
    2020-10-27T15:25:28.432+0800: 0.293: [GC (Allocation Failure) 2020-10-27T15:25:28.432+0800: 0.293: [ParNew: 78587K->8700K(78656K), 0.0098593 secs] 203003K->155605K(253440K), 0.0099510 secs] [Times: user=0.00 sys=0.05, real=0.01 secs] 
    2020-10-27T15:25:28.456+0800: 0.317: [GC (Allocation Failure) 2020-10-27T15:25:28.456+0800: 0.317: [ParNew: 78652K->8702K(78656K), 0.0109865 secs] 225557K->179780K(253440K), 0.0110765 secs] [Times: user=0.06 sys=0.00, real=0.01 secs] 
并发可终止预清理期间又出现了YGC


    2020-10-27T15:25:28.467+0800: 0.328: [CMS-concurrent-abortable-preclean: 0.002/0.071 secs] [Times: user=0.14 sys=0.05, real=0.07 secs] 
再一次的并发可终止预清理，总共耗时70ms

    2020-10-27T15:25:28.467+0800: 0.328: [GC (CMS Final Remark) [YG occupancy: 10161 K (78656 K)]2020-10-27T15:25:28.467+0800: 0.328: [Rescan (parallel) , 0.0002305 secs]2020-10-27T15:25:28.467+0800: 0.328: [weak refs processing, 0.0000111 secs]2020-10-27T15:25:28.467+0800: 0.328: [class unloading, 0.0002026 secs]2020-10-27T15:25:28.467+0800: 0.328: [scrub symbol table, 0.0004413 secs]2020-10-27T15:25:28.468+0800: 0.329: [scrub string table, 0.0001562 secs][1 CMS-remark: 171077K(174784K)] 181239K(253440K), 0.0011588 secs] [Times: user=0.00 sys=0.00, real=0.00 secs]
CMS进入最终标记阶段，进行类型卸载，符号表擦洗，第二次的STW。

    2020-10-27T15:25:28.468+0800: 0.329: [CMS-concurrent-sweep-start]
    2020-10-27T15:25:28.469+0800: 0.330: [CMS-concurrent-sweep: 0.001/0.001 secs] [Times: user=0.00 sys=0.00, real=0.00 secs] 
开始进行并发清除

    2020-10-27T15:25:28.469+0800: 0.330: [CMS-concurrent-reset-start]
    2020-10-27T15:25:28.469+0800: 0.330: [CMS-concurrent-reset: 0.000/0.000 secs] [Times: user=0.00 sys=0.00, real=0.00 secs]
重新设置CMS数据结构，准备下一次回收   (6次) 

    2020-10-27T15:25:28.483+0800: 0.344: [GC (Allocation Failure) 2020-10-27T15:25:28.483+0800: 0.344: [ParNew: 78526K->78526K(78656K), 0.0000247 secs]2020-10-27T15:25:28.483+0800: 0.344: [CMS: 161218K->161885K(174784K), 0.0281245 secs] 239744K->161885K(253440K), [Metaspace: 2683K->2683K(1056768K)], 0.0282683 secs] [Times: user=0.03 sys=0.00, real=0.03 secs] 
这次YGC并没有回收掉，但是堆内存从240M回收到161，这是为什么？？？

    2020-10-27T15:25:28.511+0800: 0.373: [GC (CMS Initial Mark) [1 CMS-initial-mark: 161885K(174784K)] 162040K(253440K), 0.0000962 secs] [Times: user=0.00 sys=0.00, real=0.00 secs] 
    2020-10-27T15:25:28.511+0800: 0.373: [CMS-concurrent-mark-start]
    2020-10-27T15:25:28.513+0800: 0.374: [CMS-concurrent-mark: 0.002/0.002 secs] [Times: user=0.00 sys=0.00, real=0.00 secs] 
    2020-10-27T15:25:28.513+0800: 0.374: [CMS-concurrent-preclean-start]
    2020-10-27T15:25:28.513+0800: 0.375: [CMS-concurrent-preclean: 0.000/0.000 secs] [Times: user=0.00 sys=0.00, real=0.00 secs] 
CMS的初始标记，并发标记，并发预清理阶段

    2020-10-27T15:25:28.513+0800: 0.375: [CMS-concurrent-abortable-preclean-start]
    2020-10-27T15:25:28.526+0800: 0.387: [GC (Allocation Failure) 2020-10-27T15:25:28.526+0800: 0.387: [ParNew: 69952K->69952K(78656K), 0.0000218 secs]2020-10-27T15:25:28.526+0800: 0.387: [CMS2020-10-27T15:25:28.526+0800: 0.387: [CMS-concurrent-abortable-preclean: 0.000/0.013 secs] [Times: user=0.02 sys=0.00, real=0.01 secs] 
CMS并发可终止预清理阶段，期间有一个YGC


    (concurrent mode failure): 161885K->174695K(174784K), 0.0305642 secs] 231837K->174891K(253440K), [Metaspace: 2683K->2683K(1056768K)], 0.0306949 secs] [Times: user=0.03 sys=0.00, real=0.03 secs] 
这里发生了concurrent mode failure（并发失败），这会导致CMS采用备选方案，用单线程的Serial Old进行串行FGC


    2020-10-27T15:25:28.571+0800: 0.432: [Full GC (Allocation Failure) 2020-10-27T15:25:28.571+0800: 0.432: [CMS: 174695K->174764K(174784K), 0.0331193 secs] 253322K->197483K(253440K), [Metaspace: 2683K->2683K(1056768K)], 0.0332266 secs] [Times: user=0.03 sys=0.00, real=0.03 secs] 
可以看到，这里就已经显示开始FGC了，耗时30ms。（7次）


    2020-10-27T15:25:28.605+0800: 0.466: [GC (CMS Initial Mark) [1 CMS-initial-mark: 174764K(174784K)] 197868K(253440K), 0.0001541 secs] [Times: user=0.00 sys=0.00, real=0.00 secs] 
    2020-10-27T15:25:28.605+0800: 0.466: [CMS-concurrent-mark-start]
    2020-10-27T15:25:28.606+0800: 0.468: [CMS-concurrent-mark: 0.002/0.002 secs] [Times: user=0.00 sys=0.00, real=0.00 secs] 
    2020-10-27T15:25:28.606+0800: 0.468: [CMS-concurrent-preclean-start]
    2020-10-27T15:25:28.608+0800: 0.469: [CMS-concurrent-preclean: 0.001/0.001 secs] [Times: user=0.00 sys=0.00, real=0.00 secs] 
    2020-10-27T15:25:28.608+0800: 0.469: [CMS-concurrent-abortable-preclean-start]
    2020-10-27T15:25:28.608+0800: 0.469: [CMS-concurrent-abortable-preclean: 0.000/0.000 secs] [Times: user=0.00 sys=0.00, real=0.00 secs] 
上面FGC完成之后，立刻又开始了CMS回收，依旧是前面的初始、并发标记阶段。


    2020-10-27T15:25:28.608+0800: 0.469: [GC (CMS Final Remark) [YG occupancy: 40498 K (78656 K)]2020-10-27T15:25:28.608+0800: 0.469: [Rescan (parallel) , 0.0002889 secs]2020-10-27T15:25:28.608+0800: 0.469: [weak refs processing, 0.0000123 secs]2020-10-27T15:25:28.608+0800: 0.469: [class unloading, 0.0002161 secs]2020-10-27T15:25:28.608+0800: 0.470: [scrub symbol table, 0.0004052 secs]2020-10-27T15:25:28.609+0800: 0.470: [scrub string table, 0.0001331 secs][1 CMS-remark: 174764K(174784K)] 215262K(253440K), 0.0011535 secs] [Times: user=0.00 sys=0.00, real=0.00 secs] 
    2020-10-27T15:25:28.609+0800: 0.470: [CMS-concurrent-sweep-start]
    2020-10-27T15:25:28.609+0800: 0.471: [CMS-concurrent-sweep: 0.000/0.000 secs] [Times: user=0.00 sys=0.00, real=0.00 secs] 
    2020-10-27T15:25:28.609+0800: 0.471: [CMS-concurrent-reset-start]
    2020-10-27T15:25:28.610+0800: 0.471: [CMS-concurrent-reset: 0.000/0.000 secs] [Times: user=0.00 sys=0.00, real=0.00 secs] 
这一次CMS回收完成，期间并没有发生并发标记失败，也就正常进行并发回收。（8）—


    2020-10-27T15:25:28.617+0800: 0.479: [GC (Allocation Failure) 2020-10-27T15:25:28.618+0800: 0.479: [ParNew: 78653K->78653K(78656K), 0.0000308 secs]
    2020-10-27T15:25:28.618+0800: 0.479: [CMS: 174764K->174722K(174784K), 0.0361219 secs] 253417K->213011K(253440K), [Metaspace: 2683K->2683K(1056768K)], 0.0362884 secs] [Times: user=0.03 sys=0.00, real=0.04 secs] 
又发生GC，也是Young区和Old区都没有回收掉多少内存。


    2020-10-27T15:25:28.654+0800: 0.515: [GC (CMS Initial Mark) [1 CMS-initial-mark: 174722K(174784K)] 213115K(253440K), 0.0001989 secs] [Times: user=0.00 sys=0.00, real=0.00 secs] 
    2020-10-27T15:25:28.654+0800: 0.515: [CMS-concurrent-mark-start]
    2020-10-27T15:25:28.656+0800: 0.518: [CMS-concurrent-mark: 0.002/0.002 secs] [Times: user=0.00 sys=0.00, real=0.00 secs] 
    2020-10-27T15:25:28.657+0800: 0.518: [CMS-concurrent-preclean-start]
    2020-10-27T15:25:28.658+0800: 0.519: [CMS-concurrent-preclean: 0.001/0.001 secs] [Times: user=0.00 sys=0.00, real=0.00 secs] 
    2020-10-27T15:25:28.658+0800: 0.519: [CMS-concurrent-abortable-preclean-start]
    2020-10-27T15:25:28.658+0800: 0.519: [CMS-concurrent-abortable-preclean: 0.000/0.000 secs] [Times: user=0.00 sys=0.00, real=0.00 secs] 
    2020-10-27T15:25:28.658+0800: 0.519: [GC (CMS Final Remark) [YG occupancy: 53959 K (78656 K)]2020-10-27T15:25:28.658+0800: 0.519: [Rescan (parallel) , 0.0004076 secs]2020-10-27T15:25:28.659+0800: 0.520: [weak refs processing, 0.0000181 secs]2020-10-27T15:25:28.659+0800: 0.520: [class unloading, 0.0002761 secs]2020-10-27T15:25:28.659+0800: 0.520: [scrub symbol table, 0.0006053 secs]2020-10-27T15:25:28.659+0800: 0.521: [scrub string table, 0.0002092 secs][1 CMS-remark: 174722K(174784K)] 228682K(253440K), 0.0016692 secs] [Times: user=0.01 sys=0.00, real=0.00 secs] 
    2020-10-27T15:25:28.660+0800: 0.522: [CMS-concurrent-sweep-start]
    2020-10-27T15:25:28.661+0800: 0.522: [CMS-concurrent-sweep: 0.000/0.000 secs] [Times: user=0.00 sys=0.00, real=0.00 secs] 
    2020-10-27T15:25:28.661+0800: 0.522: [CMS-concurrent-reset-start]
    2020-10-27T15:25:28.661+0800: 0.523: [CMS-concurrent-reset: 0.000/0.000 secs] [Times: user=0.00 sys=0.00, real=0.00 secs] 
这一次CMS的回收情况，跟上一次差不多。（9）


    2020-10-27T15:25:28.667+0800: 0.528: [GC (Allocation Failure) 2020-10-27T15:25:28.667+0800: 0.528: [ParNew: 78276K->78276K(78656K), 0.0000218 secs]2020-10-27T15:25:28.667+0800: 0.528: [CMS: 174722K->174778K(174784K), 0.0360960 secs] 252999K->218984K(253440K), [Metaspace: 2683K->2683K(1056768K)], 0.0362419 secs] [Times: user=0.03 sys=0.00, real=0.04 secs] 
    2020-10-27T15:25:28.704+0800: 0.565: [GC (CMS Initial Mark) [1 CMS-initial-mark: 174778K(174784K)] 219731K(253440K), 0.0001385 secs] [Times: user=0.00 sys=0.00, real=0.00 secs] 
    2020-10-27T15:25:28.704+0800: 0.565: [CMS-concurrent-mark-start]
    2020-10-27T15:25:28.706+0800: 0.567: [CMS-concurrent-mark: 0.002/0.002 secs] [Times: user=0.00 sys=0.00, real=0.00 secs] 
    2020-10-27T15:25:28.706+0800: 0.567: [CMS-concurrent-preclean-start]
    2020-10-27T15:25:28.708+0800: 0.569: [CMS-concurrent-preclean: 0.001/0.001 secs] [Times: user=0.03 sys=0.00, real=0.00 secs] 
    2020-10-27T15:25:28.708+0800: 0.569: [CMS-concurrent-abortable-preclean-start]
    2020-10-27T15:25:28.708+0800: 0.569: [CMS-concurrent-abortable-preclean: 0.000/0.000 secs] [Times: user=0.00 sys=0.00, real=0.00 secs] 
    2020-10-27T15:25:28.708+0800: 0.569: [GC (CMS Final Remark) [YG occupancy: 55576 K (78656 K)]2020-10-27T15:25:28.708+0800: 0.569: [Rescan (parallel) , 0.0002675 secs]2020-10-27T15:25:28.708+0800: 0.569: [weak refs processing, 0.0000119 secs]2020-10-27T15:25:28.708+0800: 0.569: [class unloading, 0.0002100 secs]2020-10-27T15:25:28.708+0800: 0.569: [scrub symbol table, 0.0004031 secs]2020-10-27T15:25:28.709+0800: 0.570: [scrub string table, 0.0001319 secs][1 CMS-remark: 174778K(174784K)] 230354K(253440K), 0.0011066 secs] [Times: user=0.00 sys=0.00, real=0.00 secs] 
    2020-10-27T15:25:28.709+0800: 0.570: [CMS-concurrent-sweep-start]
    2020-10-27T15:25:28.710+0800: 0.571: [CMS-concurrent-sweep: 0.001/0.001 secs] [Times: user=0.00 sys=0.00, real=0.00 secs] 
    2020-10-27T15:25:28.710+0800: 0.571: [CMS-concurrent-reset-start]
    2020-10-27T15:25:28.710+0800: 0.571: [CMS-concurrent-reset: 0.000/0.000 secs] [Times: user=0.00 sys=0.00, real=0.00 secs] 
    2020-10-27T15:25:28.714+0800: 0.575: [GC (Allocation Failure) 2020-10-27T15:25:28.714+0800: 0.575: [ParNew: 78562K->78562K(78656K), 0.0000210 secs]2020-10-27T15:25:28.714+0800: 0.575: [CMS: 174778K->174783K(174784K), 0.0358129 secs] 253340K->223867K(253440K), [Metaspace: 2683K->2683K(1056768K)], 0.0359362 secs] [Times: user=0.03 sys=0.00, real=0.04 secs] 
    2020-10-27T15:25:28.750+0800: 0.611: [GC (CMS Initial Mark) [1 CMS-initial-mark: 174783K(174784K)] 224011K(253440K), 0.0001767 secs] [Times: user=0.00 sys=0.00, real=0.00 secs] 
    2020-10-27T15:25:28.750+0800: 0.612: [CMS-concurrent-mark-start]
    2020-10-27T15:25:28.752+0800: 0.613: [CMS-concurrent-mark: 0.002/0.002 secs] [Times: user=0.00 sys=0.00, real=0.00 secs] 
    2020-10-27T15:25:28.752+0800: 0.614: [CMS-concurrent-preclean-start]
    2020-10-27T15:25:28.754+0800: 0.615: [CMS-concurrent-preclean: 0.002/0.002 secs] [Times: user=0.03 sys=0.00, real=0.00 secs] 
    2020-10-27T15:25:28.754+0800: 0.615: [CMS-concurrent-abortable-preclean-start]
    2020-10-27T15:25:28.754+0800: 0.615: [CMS-concurrent-abortable-preclean: 0.000/0.000 secs] [Times: user=0.00 sys=0.00, real=0.00 secs] 
    2020-10-27T15:25:28.754+0800: 0.616: [GC (CMS Final Remark) [YG occupancy: 66855 K (78656 K)]2020-10-27T15:25:28.754+0800: 0.616: [Rescan (parallel) , 0.0003086 secs]2020-10-27T15:25:28.755+0800: 0.616: [weak refs processing, 0.0000123 secs]2020-10-27T15:25:28.755+0800: 0.616: [class unloading, 0.0002042 secs]2020-10-27T15:25:28.755+0800: 0.616: [scrub symbol table, 0.0003986 secs]2020-10-27T15:25:28.755+0800: 0.617: [scrub string table, 0.0001299 secs][1 CMS-remark: 174783K(174784K)] 241638K(253440K), 0.0011646 secs] [Times: user=0.00 sys=0.00, real=0.00 secs] 
    2020-10-27T15:25:28.756+0800: 0.617: [CMS-concurrent-sweep-start]
    2020-10-27T15:25:28.756+0800: 0.617: [CMS-concurrent-sweep: 0.000/0.000 secs] [Times: user=0.00 sys=0.00, real=0.00 secs] 
    2020-10-27T15:25:28.756+0800: 0.617: [CMS-concurrent-reset-start]
    2020-10-27T15:25:28.756+0800: 0.617: [CMS-concurrent-reset: 0.000/0.000 secs] [Times: user=0.00 sys=0.00, real=0.00 secs] 
（10）

    2020-10-27T15:25:28.758+0800: 0.619: [GC (Allocation Failure) 2020-10-27T15:25:28.758+0800: 0.619: [ParNew: 78562K->78562K(78656K), 0.0000214 secs]2020-10-27T15:25:28.758+0800: 0.619: [CMS: 174783K->174432K(174784K), 0.0393904 secs] 253346K->227772K(253440K), [Metaspace: 2683K->2683K(1056768K)], 0.0395338 secs] [Times: user=0.03 sys=0.00, real=0.04 secs] 
    2020-10-27T15:25:28.798+0800: 0.659: [GC (CMS Initial Mark) [1 CMS-initial-mark: 174432K(174784K)] 227888K(253440K), 0.0001631 secs] [Times: user=0.00 sys=0.00, real=0.00 secs] 
    2020-10-27T15:25:28.798+0800: 0.659: [CMS-concurrent-mark-start]
    2020-10-27T15:25:28.800+0800: 0.662: [CMS-concurrent-mark: 0.002/0.002 secs] [Times: user=0.03 sys=0.00, real=0.00 secs] 
    2020-10-27T15:25:28.800+0800: 0.662: [CMS-concurrent-preclean-start]
    2020-10-27T15:25:28.802+0800: 0.663: [CMS-concurrent-preclean: 0.002/0.002 secs] [Times: user=0.00 sys=0.00, real=0.00 secs] 
    2020-10-27T15:25:28.802+0800: 0.663: [CMS-concurrent-abortable-preclean-start]
    2020-10-27T15:25:28.802+0800: 0.663: [CMS-concurrent-abortable-preclean: 0.000/0.000 secs] [Times: user=0.00 sys=0.00, real=0.00 secs] 
    2020-10-27T15:25:28.802+0800: 0.664: [GC (CMS Final Remark) [YG occupancy: 70802 K (78656 K)]2020-10-27T15:25:28.802+0800: 0.664: [Rescan (parallel) , 0.0002359 secs]2020-10-27T15:25:28.803+0800: 0.664: [weak refs processing, 0.0000152 secs]2020-10-27T15:25:28.803+0800: 0.664: [class unloading, 0.0002231 secs]2020-10-27T15:25:28.803+0800: 0.664: [scrub symbol table, 0.0004056 secs]2020-10-27T15:25:28.803+0800: 0.665: [scrub string table, 0.0001319 secs][1 CMS-remark: 174432K(174784K)] 245235K(253440K), 0.0011276 secs] [Times: user=0.00 sys=0.00, real=0.00 secs] 
    2020-10-27T15:25:28.804+0800: 0.665: [CMS-concurrent-sweep-start]
    2020-10-27T15:25:28.804+0800: 0.665: [CMS-concurrent-sweep: 0.000/0.000 secs] [Times: user=0.00 sys=0.00, real=0.00 secs] 
    2020-10-27T15:25:28.804+0800: 0.665: [CMS-concurrent-reset-start]
    2020-10-27T15:25:28.804+0800: 0.666: [CMS-concurrent-reset: 0.000/0.000 secs] [Times: user=0.00 sys=0.00, real=0.00 secs] 
(11)

    2020-10-27T15:25:28.805+0800: 0.667: [GC (Allocation Failure) 2020-10-27T15:25:28.806+0800: 0.667: [ParNew: 78437K->78437K(78656K), 0.0000296 secs]2020-10-27T15:25:28.806+0800: 0.667: [CMS: 174254K->174641K(174784K), 0.0427189 secs] 252692K->234395K(253440K), [Metaspace: 2683K->2683K(1056768K)], 0.0428973 secs] [Times: user=0.05 sys=0.00, real=0.04 secs] 
    2020-10-27T15:25:28.848+0800: 0.710: [GC (CMS Initial Mark) [1 CMS-initial-mark: 174641K(174784K)] 234625K(253440K), 0.0001709 secs] [Times: user=0.00 sys=0.00, real=0.00 secs] 
    2020-10-27T15:25:28.849+0800: 0.710: [CMS-concurrent-mark-start]
    2020-10-27T15:25:28.850+0800: 0.711: [CMS-concurrent-mark: 0.001/0.001 secs] [Times: user=0.00 sys=0.00, real=0.00 secs] 
    2020-10-27T15:25:28.850+0800: 0.711: [CMS-concurrent-preclean-start]
    2020-10-27T15:25:28.851+0800: 0.712: [CMS-concurrent-preclean: 0.001/0.001 secs] [Times: user=0.00 sys=0.00, real=0.00 secs] 
    2020-10-27T15:25:28.851+0800: 0.713: [CMS-concurrent-abortable-preclean-start]
    2020-10-27T15:25:28.851+0800: 0.713: [CMS-concurrent-abortable-preclean: 0.000/0.000 secs] [Times: user=0.00 sys=0.00, real=0.00 secs] 
    2020-10-27T15:25:28.851+0800: 0.713: [GC (CMS Final Remark) [YG occupancy: 71228 K (78656 K)]2020-10-27T15:25:28.851+0800: 0.713: [Rescan (parallel) , 0.0002872 secs]2020-10-27T15:25:28.852+0800: 0.713: [weak refs processing, 0.0000144 secs]2020-10-27T15:25:28.852+0800: 0.713: [class unloading, 0.0002079 secs]2020-10-27T15:25:28.852+0800: 0.713: [scrub symbol table, 0.0003941 secs]2020-10-27T15:25:28.852+0800: 0.714: [scrub string table, 0.0001364 secs][1 CMS-remark: 174641K(174784K)] 245870K(253440K), 0.0011440 secs] [Times: user=0.00 sys=0.00, real=0.00 secs] 
    2020-10-27T15:25:28.853+0800: 0.714: [CMS-concurrent-sweep-start]
    2020-10-27T15:25:28.853+0800: 0.714: [CMS-concurrent-sweep: 0.000/0.000 secs] [Times: user=0.00 sys=0.00, real=0.00 secs] 
    2020-10-27T15:25:28.853+0800: 0.714: [CMS-concurrent-reset-start]
    2020-10-27T15:25:28.853+0800: 0.714: [CMS-concurrent-reset: 0.000/0.000 secs] [Times: user=0.00 sys=0.00, real=0.00 secs] 
（12）


    2020-10-27T15:25:28.854+0800: 0.716: [GC (Allocation Failure) 2020-10-27T15:25:28.854+0800: 0.716: [ParNew: 78447K->78447K(78656K), 0.0000242 secs]2020-10-27T15:25:28.855+0800: 0.716: [CMS: 174641K->174783K(174784K), 0.0389569 secs] 253088K->237478K(253440K), [Metaspace: 2683K->2683K(1056768K)], 0.0390979 secs] [Times: user=0.03 sys=0.02, real=0.04 secs] 
    2020-10-27T15:25:28.894+0800: 0.755: [GC (CMS Initial Mark) [1 CMS-initial-mark: 174783K(174784K)] 237766K(253440K), 0.0001886 secs] [Times: user=0.00 sys=0.00, real=0.00 secs] 
    2020-10-27T15:25:28.894+0800: 0.755: [CMS-concurrent-mark-start]
    2020-10-27T15:25:28.896+0800: 0.758: [CMS-concurrent-mark: 0.002/0.002 secs] [Times: user=0.00 sys=0.00, real=0.00 secs] 
    2020-10-27T15:25:28.896+0800: 0.758: [CMS-concurrent-preclean-start]
    2020-10-27T15:25:28.898+0800: 0.759: [CMS-concurrent-preclean: 0.001/0.001 secs] [Times: user=0.00 sys=0.00, real=0.00 secs] 
    2020-10-27T15:25:28.898+0800: 0.759: [CMS-concurrent-abortable-preclean-start]
    2020-10-27T15:25:28.898+0800: 0.759: [CMS-concurrent-abortable-preclean: 0.000/0.000 secs] [Times: user=0.00 sys=0.00, real=0.00 secs] 
    2020-10-27T15:25:28.898+0800: 0.759: [Full GC (Allocation Failure) 2020-10-27T15:25:28.898+0800: 0.759: [CMS (concurrent mode failure): 174783K->174781K(174784K), 0.0381383 secs] 253436K->239828K(253440K), [Metaspace: 2683K->2683K(1056768K)], 0.0382041 secs] [Times: user=0.03 sys=0.00, real=0.04 secs] 
(13)

    2020-10-27T15:25:28.939+0800: 0.800: [Full GC (Allocation Failure) 2020-10-27T15:25:28.939+0800: 0.800: [CMS: 174781K->174308K(174784K), 0.0398449 secs] 252667K->242959K(253440K), [Metaspace: 2683K->2683K(1056768K)], 0.0399423 secs] [Times: user=0.05 sys=0.00, real=0.04 secs] 
    2020-10-27T15:25:28.979+0800: 0.840: [GC (CMS Initial Mark) [1 CMS-initial-mark: 174308K(174784K)] 243737K(253440K), 0.0001952 secs] [Times: user=0.00 sys=0.00, real=0.00 secs] 
    2020-10-27T15:25:28.979+0800: 0.841: [CMS-concurrent-mark-start]
    2020-10-27T15:25:28.981+0800: 0.842: [CMS-concurrent-mark: 0.001/0.001 secs] [Times: user=0.00 sys=0.00, real=0.00 secs] 
    2020-10-27T15:25:28.981+0800: 0.842: [CMS-concurrent-preclean-start]
    2020-10-27T15:25:28.981+0800: 0.843: [Full GC (Allocation Failure) 2020-10-27T15:25:28.981+0800: 0.843: [CMS2020-10-27T15:25:28.982+0800: 0.843: [CMS-concurrent-preclean: 0.001/0.001 secs] [Times: user=0.00 sys=0.00, real=0.00 secs] 
    (concurrent mode failure): 174308K->174646K(174784K), 0.0319284 secs] 252850K->244359K(253440K), [Metaspace: 2683K->2683K(1056768K)], 0.0320119 secs] [Times: user=0.03 sys=0.00, real=0.03 secs] 
（14）

    2020-10-27T15:25:29.015+0800: 0.876: [Full GC (Allocation Failure) 2020-10-27T15:25:29.015+0800: 0.876: [CMS: 174646K->174442K(174784K), 0.0389257 secs] 253176K->247491K(253440K), [Metaspace: 2683K->2683K(1056768K)], 0.0390255 secs] [Times: user=0.05 sys=0.00, real=0.04 secs] 
    2020-10-27T15:25:29.054+0800: 0.916: [GC (CMS Initial Mark) [1 CMS-initial-mark: 174442K(174784K)] 247779K(253440K), 0.0001348 secs] [Times: user=0.00 sys=0.00, real=0.00 secs] 
    2020-10-27T15:25:29.055+0800: 0.916: [CMS-concurrent-mark-start]
    2020-10-27T15:25:29.056+0800: 0.917: [Full GC (Allocation Failure) 2020-10-27T15:25:29.056+0800: 0.917: [CMS2020-10-27T15:25:29.057+0800: 0.918: [CMS-concurrent-mark: 0.002/0.002 secs] [Times: user=0.00 sys=0.00, real=0.00 secs] 
    (concurrent mode failure): 174442K->174431K(174784K), 0.0393181 secs] 252994K->247207K(253440K), [Metaspace: 2683K->2683K(1056768K)], 0.0394159 secs] [Times: user=0.03 sys=0.00, real=0.04 secs] 
(15)

    2020-10-27T15:25:29.097+0800: 0.958: [Full GC (Allocation Failure) 2020-10-27T15:25:29.097+0800: 0.958: [CMS: 174507K->174691K(174784K), 0.0283468 secs] 253141K->247915K(253440K), [Metaspace: 2683K->2683K(1056768K)], 0.0284664 secs] [Times: user=0.02 sys=0.00, real=0.03 secs] 
    2020-10-27T15:25:29.125+0800: 0.986: [GC (CMS Initial Mark) [1 CMS-initial-mark: 174691K(174784K)] 248577K(253440K), 0.0001430 secs] [Times: user=0.00 sys=0.00, real=0.00 secs] 
    2020-10-27T15:25:29.125+0800: 0.987: [CMS-concurrent-mark-start]
    2020-10-27T15:25:29.126+0800: 0.987: [Full GC (Allocation Failure) 2020-10-27T15:25:29.126+0800: 0.987: [CMS2020-10-27T15:25:29.127+0800: 0.988: [CMS-concurrent-mark: 0.001/0.002 secs] [Times: user=0.00 sys=0.00, real=0.00 secs] 
    (concurrent mode failure): 174691K->174485K(174784K), 0.0411130 secs] 253346K->249887K(253440K), [Metaspace: 2683K->2683K(1056768K)], 0.0412121 secs] [Times: user=0.05 sys=0.00, real=0.04 secs] 
（16）
      2020-10-27T15:25:29.169+0800: 1.030: [Full GC (Allocation Failure) 2020-10-27T15:25:29.169+0800: 1.030: [CMS: 174629K->174510K(174784K), 0.0114048 secs] 253142K->250489K(253440K), [Metaspace: 2683K->2683K(1056768K)], 0.0115112 secs] [Times: user=0.01 sys=0.00, real=0.01 secs] 
      2020-10-27T15:25:29.181+0800: 1.042: [GC (CMS Initial Mark) [1 CMS-initial-mark: 174510K(174784K)] 250777K(253440K), 0.0001734 secs] [Times: user=0.00 sys=0.00, real=0.00 secs] 
      2020-10-27T15:25:29.181+0800: 1.042: [CMS-concurrent-mark-start]
      2020-10-27T15:25:29.183+0800: 1.044: [CMS-concurrent-mark: 0.002/0.002 secs] [Times: user=0.00 sys=0.00, real=0.00 secs] 
      2020-10-27T15:25:29.183+0800: 1.044: [CMS-concurrent-preclean-start]
    2020-10-27T15:25:29.184+0800: 1.045: [Full GC (Allocation Failure) 2020-10-27T15:25:29.184+0800: 1.045: [CMS2020-10-27T15:25:29.184+0800: 1.046: [CMS-concurrent-preclean: 0.001/0.002 secs] [Times: user=0.00 sys=0.00, real=0.00 secs] 
    (concurrent mode failure): 174603K->174538K(174784K), 0.0427855 secs] 253230K->251057K(253440K), [Metaspace: 2683K->2683K(1056768K)], 0.0428775 secs] [Times: user=0.05 sys=0.00, real=0.04 secs] 
（18）
    2020-10-27T15:25:29.228+0800: 1.089: [Full GC (Allocation Failure) 2020-10-27T15:25:29.228+0800: 1.089: [CMS: 174607K->174689K(174784K), 0.0250738 secs] 253233K->251162K(253440K), [Metaspace: 2683K->2683K(1056768K)], 0.0251581 secs] [Times: user=0.03 sys=0.00, real=0.03 secs] 
    2020-10-27T15:25:29.253+0800: 1.114: [GC (CMS Initial Mark) [1 CMS-initial-mark: 174689K(174784K)] 251372K(253440K), 0.0001352 secs] [Times: user=0.00 sys=0.00, real=0.00 secs] 
    2020-10-27T15:25:29.253+0800: 1.115: [CMS-concurrent-mark-start]
(19)
Heap
 par new generation   total 78656K, used 76846K [0x00000000f0000000, 0x00000000f5550000, 0x00000000f5550000)
  eden space 69952K, 100% used [0x00000000f0000000, 0x00000000f4450000, 0x00000000f4450000)
  from space 8704K,  79% used [0x00000000f4450000, 0x00000000f4b0b8d0, 0x00000000f4cd0000)
  to   space 8704K,   0% used [0x00000000f4cd0000, 0x00000000f4cd0000, 0x00000000f5550000)
 concurrent mark-sweep generation total 174784K, used 174689K [0x00000000f5550000, 0x0000000100000000, 0x0000000100000000)
 Metaspace       used 2689K, capacity 4486K, committed 4864K, reserved 1056768K
  class space    used 288K, capacity 386K, committed 512K, reserved 1048576K
