调整不同垃圾收集器和不同堆大小，对其GC日志进行分析

Parallel Scanvage + PS MarkSweep(Serial Old) Xms512 Xmx512 1.8默认

    Java HotSpot(TM) 64-Bit Server VM (25.191-b12) for windows-amd64 JRE (1.8.0_191-b12), built on Oct  6 2018 09:29:03 by "java_re" with MS VC++ 10.0 (VS2010)
    Memory: 4k page, physical 16701592k(9530176k free), swap 17750168k(5273832k free)
    CommandLine flags: -XX:InitialHeapSize=536870912 -XX:MaxHeapSize=536870912 -XX:+PrintGC -XX:+PrintGCDateStamps -XX:+PrintGCDetails -XX:+PrintGCTimeStamps -XX:+UseCompressedClassPointers -XX:+UseCompressedOops -XX:-UseLargePagesIndividualAllocation -XX:+UseParallelGC 
    2020-10-26T22:01:21.769+0800: 0.153: [GC (Allocation Failure) [PSYoungGen: 130979K->21489K(153088K)] 130979K->44218K(502784K), 0.0238970 secs] [Times: user=0.06 sys=0.09, real=0.02 secs] 
    2020-10-26T22:01:21.813+0800: 0.181: [GC (Allocation Failure) [PSYoungGen: 153073K->21497K(153088K)] 175802K->88592K(502784K), 0.0109590 secs] [Times: user=0.03 sys=0.13, real=0.01 secs] 
    2020-10-26T22:01:21.844+0800: 0.212: [GC (Allocation Failure) [PSYoungGen: 152902K->21497K(153088K)] 219997K->132960K(502784K), 0.0097404 secs] [Times: user=0.01 sys=0.14, real=0.01 secs] 
    2020-10-26T22:01:21.874+0800: 0.242: [GC (Allocation Failure) [PSYoungGen: 153081K->21495K(153088K)] 264544K->172829K(502784K), 0.0087007 secs] [Times: user=0.00 sys=0.00, real=0.01 secs] 
    2020-10-26T22:01:21.901+0800: 0.269: [GC (Allocation Failure) [PSYoungGen: 152810K->21502K(153088K)] 304144K->215720K(502784K), 0.0087271 secs] [Times: user=0.00 sys=0.00, real=0.01 secs] 
    2020-10-26T22:01:21.929+0800: 0.297: [GC (Allocation Failure) [PSYoungGen: 153086K->21502K(80384K)] 347304K->257891K(430080K), 0.0084706 secs] [Times: user=0.14 sys=0.00, real=0.01 secs] 
    2020-10-26T22:01:21.947+0800: 0.314: [GC (Allocation Failure) [PSYoungGen: 80382K->36590K(116736K)] 316771K->277247K(466432K), 0.0035553 secs] [Times: user=0.00 sys=0.00, real=0.00 secs] 
    2020-10-26T22:01:21.959+0800: 0.327: [GC (Allocation Failure) [PSYoungGen: 95470K->44464K(116736K)] 336127K->292675K(466432K), 0.0045584 secs] [Times: user=0.05 sys=0.11, real=0.00 secs] 
    2020-10-26T22:01:21.971+0800: 0.339: [GC (Allocation Failure) [PSYoungGen: 103131K->51886K(116736K)] 351342K->307894K(466432K), 0.0049697 secs] [Times: user=0.00 sys=0.00, real=0.01 secs] 
    2020-10-26T22:01:21.984+0800: 0.352: [GC (Allocation Failure) [PSYoungGen: 110699K->37721K(116736K)] 366708K->326606K(466432K), 0.0068267 secs] [Times: user=0.00 sys=0.00, real=0.01 secs] 
    2020-10-26T22:01:21.999+0800: 0.367: [GC (Allocation Failure) [PSYoungGen: 96601K->24563K(116736K)] 385486K->348894K(466432K), 0.0069628 secs] [Times: user=0.00 sys=0.00, real=0.01 secs]

到此为止，因为Young区空间不足发生11次YGC，回收比例都比较高，但是每次回收都会往Old存放一定的对象进去。
将一个对象从young存放到old的情况
* 对象太大
* 对象熬过了提升阈值
* 分配担保策略，回收young区仍不够为新对象分配内存，则直接放入老年代
* 回收时当前对象还存活，且S区没有空间、直接进入。

这里将young的部分对象存放到old，结合代码，以上情况都有发生可能，所以每次回收后总内存减少的数量总是比young区的少。

    2020-10-26T22:01:22.006+0800: 0.374: [Full GC (Ergonomics) [PSYoungGen: 24563K->0K(116736K)] [ParOldGen: 324330K->242615K(349696K)] 348894K->242615K(466432K), [Metaspace: 2691K->2691K(1056768K)], 0.0228154 secs] [Times: user=0.17 sys=0.00, real=0.02 secs] 

这里发生了一次FGC，可以看到回收钱Old区已经只剩下20M左右空间，但是这次FGC的时候young区只用了20多M，实际还剩下将近100M，在看FGC原因，Full GC (Ergonomics)因为JVM进行动态扩容导致的FGC，应该是有大对象进来了所以直接分配到Old区，但是Old区内存不够，因此FGC了,这次FGC，老年代回收了约80M左右（92% --> 69%）。

    发现当我们使用Server模式下的ParallelGC收集器组合（Parallel Scavenge+Serial Old的组合）下，担保机制的实现和之前的Client模式下（SerialGC收集器组合）有所变化。在GC前还会进行一次判断，如果要分配的内存>=Eden区大小的一半，那么会直接把要分配的内存放入老年代中。否则才会进入担保机制。
关于FGC的源码分析：
[读懂一行Full GC日志](https://cloud.tencent.com/developer/article/1082687)

    2020-10-26T22:01:22.038+0800: 0.406: [GC (Allocation Failure) [PSYoungGen: 58533K->19723K(116736K)] 301148K->262338K(466432K), 0.0018376 secs] [Times: user=0.00 sys=0.00, real=0.00 secs] 
    2020-10-26T22:01:22.047+0800: 0.415: [GC (Allocation Failure) [PSYoungGen: 78475K->21936K(116736K)] 321090K->282809K(466432K), 0.0032262 secs] [Times: user=0.00 sys=0.00, real=0.00 secs] 
    2020-10-26T22:01:22.059+0800: 0.427: [GC (Allocation Failure) [PSYoungGen: 80487K->18123K(116736K)] 341361K->299508K(466432K), 0.0032905 secs] [Times: user=0.00 sys=0.00, real=0.00 secs] 
    2020-10-26T22:01:22.071+0800: 0.439: [GC (Allocation Failure) [PSYoungGen: 76605K->19066K(116736K)] 357990K->317304K(466432K), 0.0031066 secs] [Times: user=0.00 sys=0.00, real=0.00 secs] 
又是一些YGC，也是因为Y区内存不够了。


    2020-10-26T22:01:22.074+0800: 0.442: [Full GC (Ergonomics) [PSYoungGen: 19066K->0K(116736K)] [ParOldGen: 298237K->264577K(349696K)] 317304K->264577K(466432K), [Metaspace: 2691K->2691K(1056768K)], 0.0209864 secs] [Times: user=0.16 sys=0.00, real=0.02 secs] 
这时发生了一次FGC, 也是因为动态分配内存的原因导致的，跟上面的FGC一样，最后回收的内存也只有30M左右，依然比较接近总量。

    2020-10-26T22:01:22.103+0800: 0.471: [GC (Allocation Failure) [PSYoungGen: 58880K->16687K(116736K)] 323457K->281265K(466432K), 0.0016134 secs] [Times: user=0.00 sys=0.00, real=0.00 secs] 
    2020-10-26T22:01:22.114+0800: 0.482: [GC (Allocation Failure) [PSYoungGen: 75377K->22684K(116736K)] 339955K->303336K(466432K), 0.0031871 secs] [Times: user=0.00 sys=0.00, real=0.00 secs] 
    2020-10-26T22:01:22.125+0800: 0.493: [GC (Allocation Failure) [PSYoungGen: 81358K->21852K(116736K)] 362009K->324206K(466432K), 0.0036625 secs] [Times: user=0.00 sys=0.00, real=0.00 secs] 
    2020-10-26T22:01:22.137+0800: 0.505: [GC (Allocation Failure) [PSYoungGen: 80706K->22106K(116736K)] 383059K->344347K(466432K), 0.0033100 secs] [Times: user=0.00 sys=0.00, real=0.00 secs] 
接着又是4次YGC，原因还是和之前一样。

    2020-10-26T22:01:22.140+0800: 0.508: [Full GC (Ergonomics) [PSYoungGen: 22106K->0K(116736K)] [ParOldGen: 322240K->287679K(349696K)] 344347K->287679K(466432K), [Metaspace: 2691K->2691K(1056768K)], 0.0227201 secs] [Times: user=0.16 sys=0.00, real=0.02 secs] 
4次YGC完了之后，又因为动态分配（自适应）的原因触发FGC。

    2020-10-26T22:01:22.172+0800: 0.540: [GC (Allocation Failure) [PSYoungGen: 58835K->14775K(116736K)] 346515K->302455K(466432K), 0.0015299 secs] [Times: user=0.00 sys=0.00, real=0.00 secs] 
    2020-10-26T22:01:22.182+0800: 0.550: [GC (Allocation Failure) [PSYoungGen: 73533K->19166K(116736K)] 361212K->320595K(466432K), 0.0026940 secs] [Times: user=0.00 sys=0.00, real=0.00 secs] 
    2020-10-26T22:01:22.194+0800: 0.562: [GC (Allocation Failure) [PSYoungGen: 78007K->20718K(116736K)] 379436K->339965K(466432K), 0.0031424 secs] [Times: user=0.14 sys=0.00, real=0.00 secs] 
FGC完了之后，一样的YGC原因

    2020-10-26T22:01:22.197+0800: 0.565: [Full GC (Ergonomics) [PSYoungGen: 20718K->0K(116736K)] [ParOldGen: 319247K->294584K(349696K)] 339965K->294584K(466432K), [Metaspace: 2691K->2691K(1056768K)], 0.0243283 secs] [Times: user=0.13 sys=0.00, real=0.02 secs] 
然后又是一样的FGC原因，这次回收的量更少，只回收了大概20多M。

    2020-10-26T22:01:22.230+0800: 0.598: [GC (Allocation Failure) [PSYoungGen: 58880K->20794K(116736K)] 353464K->315379K(466432K), 0.0019465 secs] [Times: user=0.00 sys=0.00, real=0.00 secs] 
    2020-10-26T22:01:22.241+0800: 0.609: [GC (Allocation Failure) [PSYoungGen: 79620K->21891K(116736K)] 374205K->336356K(466432K), 0.0036699 secs] [Times: user=0.16 sys=0.00, real=0.00 secs] 
    2020-10-26T22:01:22.252+0800: 0.620: [GC (Allocation Failure) [PSYoungGen: 80771K->24463K(116736K)] 395236K->359725K(466432K), 0.0042246 secs] [Times: user=0.00 sys=0.00, real=0.00 secs]
一样的YGC原因
    2020-10-26T22:01:22.257+0800: 0.625: [Full GC (Ergonomics) [PSYoungGen: 24463K->0K(116736K)] [ParOldGen: 335261K->313098K(349696K)] 359725K->313098K(466432K), [Metaspace: 2691K->2691K(1056768K)], 0.0256298 secs] [Times: user=0.26 sys=0.02, real=0.03 secs] 
依旧一样的原因，到此时，上面发生的几次FGC，平均回收时间，都保持在20ms左右，并行GC速度效果还是不错的。

    2020-10-26T22:01:22.291+0800: 0.659: [GC (Allocation Failure) [PSYoungGen: 58446K->21427K(116736K)] 371544K->334525K(466432K), 0.0020168 secs] [Times: user=0.00 sys=0.00, real=0.00 secs] 
    2020-10-26T22:01:22.302+0800: 0.670: [GC (Allocation Failure) [PSYoungGen: 80307K->22590K(116736K)] 393405K->355611K(466432K), 0.0034287 secs] [Times: user=0.00 sys=0.03, real=0.00 secs]
2次YGC

    2020-10-26T22:01:22.306+0800: 0.674: [Full GC (Ergonomics) [PSYoungGen: 22590K->0K(116736K)] [ParOldGen: 333020K->320213K(349696K)] 355611K->320213K(466432K), [Metaspace: 2691K->2691K(1056768K)], 0.0257375 secs] [Times: user=0.16 sys=0.00, real=0.03 secs]
目前为止，发生FGC的频率越来越高了，最开始每4次YGC发生一次FGC，之后每3次发生一次，目前已经变为每2次发生一次，而且这次FGC之后，回收了大概10M左右内存，基本上这次FGC之后Old区内存依旧是要爆了的状态。

    2020-10-26T22:01:22.341+0800: 0.709: [Full GC (Ergonomics) [PSYoungGen: 58848K->0K(116736K)] [ParOldGen: 320213K->319848K(349696K)] 379062K->319848K(466432K), [Metaspace: 2691K->2691K(1056768K)], 0.0253459 secs] [Times: user=0.16 sys=0.00, real=0.02 secs] 
    2020-10-26T22:01:22.376+0800: 0.744: [Full GC (Ergonomics) [PSYoungGen: 58880K->0K(116736K)] [ParOldGen: 319848K->319960K(349696K)] 378728K->319960K(466432K), [Metaspace: 2691K->2691K(1056768K)], 0.0276157 secs] [Times: user=0.31 sys=0.00, real=0.03 secs] 
    2020-10-26T22:01:22.413+0800: 0.782: [Full GC (Ergonomics) [PSYoungGen: 58639K->0K(116736K)] [ParOldGen: 319960K->322562K(349696K)] 378599K->322562K(466432K), [Metaspace: 2691K->2691K(1056768K)], 0.0243822 secs] [Times: user=0.17 sys=0.00, real=0.02 secs] 
    2020-10-26T22:01:22.448+0800: 0.816: [Full GC (Ergonomics) [PSYoungGen: 58880K->0K(116736K)] [ParOldGen: 322562K->324613K(349696K)] 381442K->324613K(466432K), [Metaspace: 2691K->2691K(1056768K)], 0.0264082 secs] [Times: user=0.16 sys=0.00, real=0.03 secs] 
    2020-10-26T22:01:22.485+0800: 0.853: [Full GC (Ergonomics) [PSYoungGen: 58880K->0K(116736K)] [ParOldGen: 324613K->326713K(349696K)] 383493K->326713K(466432K), [Metaspace: 2691K->2691K(1056768K)], 0.0276433 secs] [Times: user=0.31 sys=0.00, real=0.03 secs] 
    2020-10-26T22:01:22.522+0800: 0.890: [Full GC (Ergonomics) [PSYoungGen: 58880K->0K(116736K)] [ParOldGen: 326713K->327748K(349696K)] 385593K->327748K(466432K), [Metaspace: 2691K->2691K(1056768K)], 0.0277240 secs] [Times: user=0.17 sys=0.00, real=0.03 secs] 
    2020-10-26T22:01:22.560+0800: 0.928: [Full GC (Ergonomics) [PSYoungGen: 58880K->0K(116736K)] [ParOldGen: 327748K->328509K(349696K)] 386628K->328509K(466432K), [Metaspace: 2691K->2691K(1056768K)], 0.0265941 secs] [Times: user=0.17 sys=0.00, real=0.03 secs] 
    2020-10-26T22:01:22.597+0800: 0.965: [Full GC (Ergonomics) [PSYoungGen: 58880K->0K(116736K)] [ParOldGen: 328509K->332798K(349696K)] 387389K->332798K(466432K), [Metaspace: 2691K->2691K(1056768K)], 0.0265943 secs] [Times: user=0.31 sys=0.00, real=0.03 secs] 
    2020-10-26T22:01:22.633+0800: 1.001: [Full GC (Ergonomics) [PSYoungGen: 58784K->0K(116736K)] [ParOldGen: 332798K->336547K(349696K)] 391583K->336547K(466432K), [Metaspace: 2691K->2691K(1056768K)], 0.0261285 secs] [Times: user=0.28 sys=0.00, real=0.03 secs] 
    2020-10-26T22:01:22.668+0800: 1.036: [Full GC (Ergonomics) [PSYoungGen: 58880K->0K(116736K)] [ParOldGen: 336547K->340974K(349696K)] 395427K->340974K(466432K), [Metaspace: 2691K->2691K(1056768K)], 0.0280178 secs] [Times: user=0.17 sys=0.00, real=0.03 secs] 
    2020-10-26T22:01:22.705+0800: 1.073: [Full GC (Ergonomics) [PSYoungGen: 58551K->0K(116736K)] [ParOldGen: 340974K->342285K(349696K)] 399525K->342285K(466432K), [Metaspace: 2691K->2691K(1056768K)], 0.0275198 secs] [Times: user=0.26 sys=0.00, real=0.03 secs]
上面那次FGC之后，Old区内存依旧不够，开始了循环的FGC，每次FGC，Old区的内存都只能回收10M左右的空间了，整个堆内存的回收内存，跟Young区的回收空间差不多，并且这几次FGC时间加起来有300ms+的时间，快要OOM了，如果Young区出现回收不掉也不够内存分配新对象时，OOM就来了。

    Heap
    PSYoungGen      total 116736K, used 3135K [0x00000000f5580000, 0x0000000100000000, 0x0000000100000000)
    eden space 58880K, 5% used [0x00000000f5580000,0x00000000f588fff8,0x00000000f8f00000)
    from space 57856K, 0% used [0x00000000f8f00000,0x00000000f8f00000,0x00000000fc780000)
    to   space 57344K, 0% used [0x00000000fc800000,0x00000000fc800000,0x0000000100000000)
    ParOldGen       total 349696K, used 342285K [0x00000000e0000000, 0x00000000f5580000, 0x00000000f5580000)
    object space 349696K, 97% used [0x00000000e0000000,0x00000000f4e43668,0x00000000f5580000)
    Metaspace       used 2697K, capacity 4486K, committed 4864K, reserved 1056768K
    class space    used 290K, capacity 386K, committed 512K, reserved 1048576K
程序结束时统计了内存使用情况，发现Old区，97%的使用率，Young区5%。

相比默认组合，内存分配256m的情况，这次的FGC次数要稍少，并且没有发生OOM。