调整不同垃圾收集器和不同堆大小，对其GC日志进行分析

G1 Xms4g Xmx4g 

      2020-10-27T21:53:39.938+0800: 0.987: [GC pause (G1 Evacuation Pause) (young), 0.0337513 secs]
         [Parallel Time: 33.0 ms, GC Workers: 10]
            [GC Worker Start (ms): Min: 986.9, Avg: 986.9, Max: 987.0, Diff: 0.1]
            [Ext Root Scanning (ms): Min: 0.1, Avg: 0.1, Max: 0.2, Diff: 0.1, Sum: 1.4]
            [Update RS (ms): Min: 0.1, Avg: 0.1, Max: 0.2, Diff: 0.1, Sum: 1.0]
               [Processed Buffers: Min: 1, Avg: 1.1, Max: 2, Diff: 1, Sum: 11]
            [Scan RS (ms): Min: 0.0, Avg: 0.0, Max: 0.1, Diff: 0.1, Sum: 0.5]
            [Code Root Scanning (ms): Min: 0.0, Avg: 0.0, Max: 0.0, Diff: 0.0, Sum: 0.0]
            [Object Copy (ms): Min: 32.3, Avg: 32.4, Max: 32.6, Diff: 0.3, Sum: 323.9]
            [Termination (ms): Min: 0.0, Avg: 0.2, Max: 0.4, Diff: 0.4, Sum: 2.2]
               [Termination Attempts: Min: 1, Avg: 1.2, Max: 2, Diff: 1, Sum: 12]
            [GC Worker Other (ms): Min: 0.0, Avg: 0.0, Max: 0.0, Diff: 0.0, Sum: 0.2]
            [GC Worker Total (ms): Min: 32.9, Avg: 32.9, Max: 33.0, Diff: 0.1, Sum: 329.4]
            [GC Worker End (ms): Min: 1019.9, Avg: 1019.9, Max: 1019.9, Diff: 0.0]
         [Code Root Fixup: 0.0 ms]
         [Code Root Purge: 0.0 ms]
         [Clear CT: 0.2 ms]
         [Other: 0.5 ms]
            [Choose CSet: 0.0 ms]
            [Ref Proc: 0.1 ms]
            [Ref Enq: 0.0 ms]
            [Redirty Cards: 0.1 ms]
            [Humongous Register: 0.0 ms]
            [Humongous Reclaim: 0.0 ms]
            [Free CSet: 0.2 ms]
上面部分与之前g1分析差别不大
   [Eden: 682.0M(682.0M)->0.0B(788.0M) Survivors: 76.0M->96.0M Heap: 1692.1M(4096.0M)->1165.5M(4096.0M)]
 [Times: user=0.00 sys=0.31, real=0.03 secs] 
回收率很高，eden的reigon完全回收，部分移动到了s区和old区，整个堆减少约500M左右

      Heap
      garbage-first heap   total 4194304K, used 1973797K [0x00000006c0000000, 0x00000006c0204000, 0x00000007c0000000)
      region size 2048K, 430 young (880640K), 48 survivors (98304K)
      Metaspace       used 2697K, capacity 4486K, committed 4864K, reserved 1056768K
      class space    used 290K, capacity 386K, committed 512K, reserved 1048576K

最终统计4g内存，使用了约1.9g，young区430个reigon，s区48个reigon