调整不同垃圾收集器和不同堆大小，对其GC日志进行分析

Parallel Scanvage + PS MarkSweep(Serial Old) Xms2g Xmx2g 1.8默认

  Java HotSpot(TM) 64-Bit Server VM (25.251-b08) for windows-amd64 JRE (1.8.0_251-b08), built on Mar 12 2020 06:31:49 by "" with MS VC++ 10.0 (VS2010)
  Memory: 4k page, physical 8273136k(3551656k free), swap 12367292k(6680788k free)
  CommandLine flags: -XX:InitialHeapSize=2147483648 -XX:MaxHeapSize=2147483648 -XX:+PrintGC -XX:+PrintGCDateStamps -XX:+PrintGCDetails -XX:+PrintGCTimeStamps -XX:+UseCompressedClassPointers -XX:+UseCompressedOops -XX:-UseLargePagesIndividualAllocation -XX:+UseParallelGC 
  2020-10-27T10:46:37.869+0800: 0.308: [GC (Allocation Failure) [PSYoungGen: 524800K->87036K(611840K)] 524800K->146178K(2010112K), 0.0353547 secs] [Times: user=0.06 sys=0.05, real=0.04 secs] 
  2020-10-27T10:46:38.013+0800: 0.452: [GC (Allocation Failure) [PSYoungGen: 611836K->87034K(611840K)] 670978K->252276K(2010112K), 0.0460614 secs] [Times: user=0.03 sys=0.14, real=0.05 secs] 
  2020-10-27T10:46:38.163+0800: 0.602: [GC (Allocation Failure) [PSYoungGen: 611834K->87030K(611840K)] 777076K->366905K(2010112K), 0.0396703 secs] [Times: user=0.05 sys=0.08, real=0.04 secs] 
  2020-10-27T10:46:38.312+0800: 0.751: [GC (Allocation Failure) [PSYoungGen: 611830K->87022K(611840K)] 891705K->470350K(2010112K), 0.0376863 secs] [Times: user=0.06 sys=0.11, real=0.04 secs] 
  2020-10-27T10:46:38.454+0800: 0.894: [GC (Allocation Failure) [PSYoungGen: 611822K->87039K(611840K)] 995150K->589963K(2010112K), 0.0423861 secs] [Times: user=0.09 sys=0.09, real=0.04 secs] 
  2020-10-27T10:46:38.606+0800: 1.045: [GC (Allocation Failure) [PSYoungGen: 611839K->87027K(320000K)] 1114763K->708426K(1718272K), 0.0418334 secs] [Times: user=0.11 sys=0.06, real=0.04 secs] 

整个程序执行过程中，只出现了6次YGC，从最后一次看到，整个堆大小从最开始2G缩小到了1.7G左右，Young区从一开始611M减少到了320M，平均GC时间都在40ms左右。

  Heap
  PSYoungGen      total 320000K, used 125582K [0x00000000d5580000, 0x0000000100000000, 0x0000000100000000)
    eden space 232960K, 16% used [0x00000000d5580000,0x00000000d7b26cf8,0x00000000e3900000)
    from space 87040K, 99% used [0x00000000fab00000,0x00000000ffffce88,0x0000000100000000)
    to   space 232960K, 0% used [0x00000000e3900000,0x00000000e3900000,0x00000000f1c80000)
  ParOldGen       total 1398272K, used 621398K [0x0000000080000000, 0x00000000d5580000, 0x00000000d5580000)
    object space 1398272K, 44% used [0x0000000080000000,0x00000000a5ed5a60,0x00000000d5580000)
  Metaspace       used 2689K, capacity 4486K, committed 4864K, reserved 1056768K
    class space    used 288K, capacity 386K, committed 512K, reserved 1048576K

可以发现，2g内存情况下，收集器使用的默认GC组合，GC的次数就少很多，而且都是YGC，可见，当堆内存分配的越大，自然GC次数就会减少，系统资源占用也就越少，也是变相的保护应用，提高应用运行效率。