调整不同垃圾收集器和不同堆大小，对其GC日志进行分析

G1 Xms256m Xmx256m 

      2020-10-27T21:00:51.177+0800: 0.578: [GC pause (G1 Evacuation Pause) (young), 0.0005979 secs]
      GC暂停（疏散暂停），将年轻代的对象转移到空闲的region中。 
         [Parallel Time: 0.3 ms, GC Workers: 10]
         10个工作线程并行运行了0.3ms
            [GC Worker Start (ms): Min: 578.3, Avg: 578.3, Max: 578.3, Diff: 0.0]
            开始进行GC工作，min最短时间，max最大时间，avg平均时间，diff最大时间-最小时间，如果min与max差距过大，有可能用了太多线程，也可能是GC线程使用CPU的时间被抢占。
            [Ext Root Scanning (ms): Min: 0.1, Avg: 0.1, Max: 0.1, Diff: 0.0, Sum: 1.3]
            扫描外部（非堆）根目录（例如类加载器，JNI引用，JVM系统根目录等）所花费的时间。显示经过的时间，“ Sum”是CPU时间
            [Update RS (ms): Min: 0.0, Avg: 0.0, Max: 0.1, Diff: 0.1, Sum: 0.2]
            更新记忆集
               [Processed Buffers: Min: 0, Avg: 0.3, Max: 1, Diff: 1, Sum: 3]
            [Scan RS (ms): Min: 0.0, Avg: 0.0, Max: 0.0, Diff: 0.0, Sum: 0.0]
            扫描每个Region的RSet，寻找被待收集集合引用的区域    
            [Code Root Scanning (ms): Min: 0.0, Avg: 0.0, Max: 0.0, Diff: 0.0, Sum: 0.0]
            扫描源于实际代码的根对象所需的时间：本地变量等
            [Object Copy (ms): Min: 0.0, Avg: 0.0, Max: 0.0, Diff: 0.0, Sum: 0.0]
            将活动对象复制到收集区域之外需要花费多长时间。
            [Termination (ms): Min: 0.0, Avg: 0.1, Max: 0.1, Diff: 0.1, Sum: 0.9]
            辅助线程确保可以安全停止并且无需再进行其他工作然后真正终止所需的时间
               [Termination Attempts: Min: 1, Avg: 1.0, Max: 1, Diff: 0, Sum: 10]
               worker线程尝试终止的尝试次数。如果worker线程发现实际上还有更多工作要做，并且为时过早，则尝试失败。
            [GC Worker Other (ms): Min: 0.0, Avg: 0.0, Max: 0.0, Diff: 0.0, Sum: 0.0]
            其他不需要在日志中单独列出的工作
            [GC Worker Total (ms): Min: 0.2, Avg: 0.2, Max: 0.3, Diff: 0.0, Sum: 2.4]
            worker线程的总工作时间
            [GC Worker End (ms): Min: 578.5, Avg: 578.5, Max: 578.5, Diff: 0.0]
            gc工作线程结束，start与end其实都与JVM启动时间是相对的（从JVM启动开始计算），如果min与max过大，有可能有太多空闲线程存在
         [Code Root Fixup: 0.0 ms]
         释放用于管理并行活动的数据结构。应始终接近零。这是按顺序完成的。
         [Code Root Purge: 0.0 ms]
         清理更多的数据结构，应该非常快，但不一定几乎为零。这是按顺序完成的。
         [Clear CT: 0.1 ms]
         清除card table（卡表）里的脏cards
         [Other: 0.2 ms]
         其他杂项活动，其中许多也并行进行
            [Choose CSet: 0.0 ms]
            选择回收集
            [Ref Proc: 0.1 ms]
            处理STW引用处理器发现的soft/weak/final/phantom/JNI引用
            [Ref Enq: 0.0 ms]
            将引用排列到相应的reference队列里
            [Redirty Cards: 0.1 ms]
            在回收过程中被修改的cards标记为脏卡
            [Humongous Register: 0.0 ms]
            在youngGC的时候会收集Humongous区域。这个指标是指评估Humongous区域是否足够记录的时间
            [Humongous Reclaim: 0.0 ms]
            确认Humongous对象死亡并清理，释放Humongous对象区域，重置区域类型，将该区域放回空闲队列所用的时间
            [Free CSet: 0.0 ms]
            释放CSet,其中也会清理CSet中的RSet，将其放回空闲队列
         [Eden: 0.0B(12.0M)->0.0B(12.0M) Survivors: 0.0B->0.0B Heap: 202.1M(256.0M)->202.1M(256.0M)]
         eden,servivors,heap的回收情况
      [Times: user=0.00 sys=0.00, real=0.00 secs] 

      2020-10-27T21:00:51.068+0800: 0.469: [GC pause (G1 Humongous Allocation) (young) (initial-mark), 0.0006197 secs]
      GC 疏散暂停初始标记
         [Parallel Time: 0.3 ms, GC Workers: 10]
            [GC Worker Start (ms): Min: 468.8, Avg: 468.9, Max: 468.9, Diff: 0.0]
            [Ext Root Scanning (ms): Min: 0.1, Avg: 0.1, Max: 0.2, Diff: 0.0, Sum: 1.4]
            [Update RS (ms): Min: 0.0, Avg: 0.0, Max: 0.1, Diff: 0.1, Sum: 0.5]
               [Processed Buffers: Min: 0, Avg: 0.7, Max: 1, Diff: 1, Sum: 7]
            [Scan RS (ms): Min: 0.0, Avg: 0.0, Max: 0.0, Diff: 0.0, Sum: 0.0]
            [Code Root Scanning (ms): Min: 0.0, Avg: 0.0, Max: 0.0, Diff: 0.0, Sum: 0.0]
            [Object Copy (ms): Min: 0.0, Avg: 0.0, Max: 0.0, Diff: 0.0, Sum: 0.0]
            [Termination (ms): Min: 0.0, Avg: 0.1, Max: 0.1, Diff: 0.1, Sum: 0.5]
               [Termination Attempts: Min: 1, Avg: 1.1, Max: 2, Diff: 1, Sum: 11]
            [GC Worker Other (ms): Min: 0.0, Avg: 0.0, Max: 0.0, Diff: 0.0, Sum: 0.0]
            [GC Worker Total (ms): Min: 0.2, Avg: 0.3, Max: 0.3, Diff: 0.0, Sum: 2.5]
            [GC Worker End (ms): Min: 469.1, Avg: 469.1, Max: 469.1, Diff: 0.0]
         [Code Root Fixup: 0.0 ms]
         [Code Root Purge: 0.0 ms]
         [Clear CT: 0.1 ms]
         [Other: 0.2 ms]
            [Choose CSet: 0.0 ms]
            [Ref Proc: 0.1 ms]
            [Ref Enq: 0.0 ms]
            [Redirty Cards: 0.1 ms]
            [Humongous Register: 0.0 ms]
            [Humongous Reclaim: 0.0 ms]
            [Free CSet: 0.0 ms]
         [Eden: 2048.0K(12.0M)->0.0B(11.0M) Survivors: 0.0B->1024.0K Heap: 198.8M(256.0M)->196.6M(256.0M)]
      [Times: user=0.00 sys=0.00, real=0.00 secs] 
      同上
      2020-10-27T21:00:51.069+0800: 0.470: [GC concurrent-root-region-scan-start]
      GC从根region开始并发扫描

      2020-10-27T21:00:51.069+0800: 0.470: [GC concurrent-root-region-scan-end, 0.0000267 secs]
      GC根region并发扫描结束

      2020-10-27T21:00:51.069+0800: 0.470: [GC concurrent-mark-start]
      开始并发标记

      2020-10-27T21:00:51.069+0800: 0.470: [GC concurrent-mark-end, 0.0007970 secs]
      并发标记结束

      2020-10-27T21:00:51.070+0800: 0.470: [GC remark 2020-10-27T21:00:51.070+0800: 0.470: [Finalize Marking, 0.0001059 secs] 
      2020-10-27T21:00:51.070+0800: 0.471: [GC ref-proc, 0.0000893 secs] 
      并标记了在启动并发标记周期时仍处于活动状态的所有未标记对象
      2020-10-27T21:00:51.070+0800: 0.471: [Unloading, 0.0003772 secs], 0.0008535 secs]
      类型卸载

      再标记 [ Finalize Marking / GC ref-proc / Unloading]--有STW，主要处理SATB缓冲区，以及并发标记阶段未标记到的漏网之鱼（存活对象）

      [Times: user=0.00 sys=0.00, real=0.00 secs] 
      2020-10-27T21:00:51.070+0800: 0.471: [GC cleanup 203M->203M(256M), 0.0003755 secs]
      清理，STW

      Heap
      garbage-first heap   total 262144K, used 620K [0x00000000f0000000, 0x00000000f0100800, 0x0000000100000000)
      region size 1024K, 1 young (1024K), 0 survivors (0K)
      Metaspace       used 2722K, capacity 4486K, committed 4864K, reserved 1056768K
      class space    used 293K, capacity 386K, committed 512K, reserved 1048576K

最终统计整个堆使用620k，只有一个region在使用。