调整不同垃圾收集器和不同堆大小，对其GC日志进行分析

Parallel Scanvage + PS MarkSweep(Serial Old) Xms256 Xmx256 1.8默认


    2020-10-26T23:47:38.112+0800: [GC (Allocation Failure) [PSYoungGen: 65536K->10736K(76288K)] 65536K->21958K(251392K), 0.0042091 secs] [Times: user=0.00 sys=0.00, real=0.01 secs]
    2020-10-26T23:47:38.129+0800: [GC (Allocation Failure) [PSYoungGen: 76272K->10748K(76288K)] 87494K->46065K(251392K), 0.0063145 secs] [Times: user=0.05 sys=0.11, real=0.01 secs]
    2020-10-26T23:47:38.145+0800: [GC (Allocation Failure) [PSYoungGen: 75770K->10744K(76288K)] 111086K->66047K(251392K), 0.0047044 secs] [Times: user=0.00 sys=0.00, real=0.01 secs]
    2020-10-26T23:47:38.159+0800: [GC (Allocation Failure) [PSYoungGen: 76191K->10743K(76288K)] 131494K->83336K(251392K), 0.0042507 secs] [Times: user=0.00 sys=0.00, real=0.00 secs]
    2020-10-26T23:47:38.173+0800: [GC (Allocation Failure) [PSYoungGen: 75955K->10736K(76288K)] 148547K->104822K(251392K), 0.0048284 secs] [Times: user=0.00 sys=0.00, real=0.00 secs]
    2020-10-26T23:47:38.187+0800: [GC (Allocation Failure) [PSYoungGen: 76272K->10734K(40448K)] 170358K->130001K(215552K), 0.0054234 secs] [Times: user=0.00 sys=0.00, real=0.00 secs]
    2020-10-26T23:47:38.196+0800: [GC (Allocation Failure) [PSYoungGen: 40033K->17273K(58368K)] 159300K->140528K(233472K), 0.0022636 secs] [Times: user=0.08 sys=0.08, real=0.00 secs]
    2020-10-26T23:47:38.202+0800: [GC (Allocation Failure) [PSYoungGen: 46932K->28612K(58368K)] 170186K->154969K(233472K), 0.0028329 secs] [Times: user=0.00 sys=0.00, real=0.00 secs]
    2020-10-26T23:47:38.209+0800: [GC (Allocation Failure) [PSYoungGen: 58174K->28658K(58368K)] 184530K->164241K(233472K), 0.0038798 secs] [Times: user=0.03 sys=0.13, real=0.00 secs]
    2020-10-26T23:47:38.217+0800: [GC (Allocation Failure) [PSYoungGen: 58354K->17889K(58368K)] 193937K->172978K(233472K), 0.0042397 secs] [Times: user=0.00 sys=0.00, real=0.00 secs]
因为Young区的空间不足以分配对象，触发YGC，这几次YGC时间都很短，且回收效果都比较好，最终回收后占用空间平均在30%左右，但是每次发生YGC，总内存使用量都在慢慢往上涨，到最后一次YGC后，总内存只剩下60M左右空间可用，内存渐渐爆满。

    2020-10-26T23:47:38.221+0800: [Full GC (Ergonomics) [PSYoungGen: 17889K->0K(58368K)] [ParOldGen: 155088K->151151K(175104K)] 172978K->151151K(233472K), [Metaspace: 2691K->2691K(1056768K)], 0.0137283 secs] [Times: user=0.13 sys=0.03, real=0.01 secs]
    2020-10-26T23:47:38.240+0800: [Full GC (Ergonomics) [PSYoungGen: 29671K->0K(58368K)] [ParOldGen: 151151K->157906K(175104K)] 180822K->157906K(233472K), [Metaspace: 2691K->2691K(1056768K)], 0.0140270 secs] [Times: user=0.16 sys=0.00, real=0.01 secs]
    2020-10-26T23:47:38.259+0800: [Full GC (Ergonomics) [PSYoungGen: 29258K->0K(58368K)] [ParOldGen: 157906K->164470K(175104K)] 187165K->164470K(233472K), [Metaspace: 2691K->2691K(1056768K)], 0.0150006 secs] [Times: user=0.00 sys=0.00, real=0.01 secs]
    2020-10-26T23:47:38.278+0800: [Full GC (Ergonomics) [PSYoungGen: 29482K->0K(58368K)] [ParOldGen: 164470K->170670K(175104K)] 193953K->170670K(233472K), [Metaspace: 2691K->2691K(1056768K)], 0.0156443 secs] [Times: user=0.16 sys=0.00, real=0.02 secs]
    2020-10-26T23:47:38.299+0800: [Full GC (Ergonomics) [PSYoungGen: 29696K->2212K(58368K)] [ParOldGen: 170670K->174730K(175104K)] 200366K->176942K(233472K), [Metaspace: 2691K->2691K(1056768K)], 0.0153171 secs] [Times: user=0.16 sys=0.00, real=0.01 secs]
    2020-10-26T23:47:38.318+0800: [Full GC (Ergonomics) [PSYoungGen: 29201K->10695K(58368K)] [ParOldGen: 174730K->174749K(175104K)] 203932K->185444K(233472K), [Metaspace: 2691K->2691K(1056768K)], 0.0168434 secs] [Times: user=0.16 sys=0.00, real=0.02 secs]
    2020-10-26T23:47:38.339+0800: [Full GC (Ergonomics) [PSYoungGen: 29640K->16343K(58368K)] [ParOldGen: 174749K->174593K(175104K)] 204389K->190936K(233472K), [Metaspace: 2691K->2691K(1056768K)], 0.0195002 secs] [Times: user=0.16 sys=0.00, real=0.02 secs]
    2020-10-26T23:47:38.361+0800: [Full GC (Ergonomics) [PSYoungGen: 29696K->16448K(58368K)] [ParOldGen: 174593K->174785K(175104K)] 204289K->191234K(233472K), [Metaspace: 2691K->2691K(1056768K)], 0.0228540 secs] [Times: user=0.16 sys=0.00, real=0.02 secs]
    2020-10-26T23:47:38.386+0800: [Full GC (Ergonomics) [PSYoungGen: 29457K->19086K(58368K)] [ParOldGen: 174785K->174946K(175104K)] 204243K->194033K(233472K), [Metaspace: 2691K->2691K(1056768K)], 0.0216015 secs] [Times: user=0.16 sys=0.00, real=0.02 secs]
    2020-10-26T23:47:38.409+0800: [Full GC (Ergonomics) [PSYoungGen: 29517K->21166K(58368K)] [ParOldGen: 174946K->174713K(175104K)] 204464K->195880K(233472K), [Metaspace: 2691K->2691K(1056768K)], 0.0199910 secs] [Times: user=0.16 sys=0.00, real=0.02 secs]
    2020-10-26T23:47:38.431+0800: [Full GC (Ergonomics) [PSYoungGen: 29544K->24406K(58368K)] [ParOldGen: 174713K->174741K(175104K)] 204258K->199147K(233472K), [Metaspace: 2691K->2691K(1056768K)], 0.0232999 secs] [Times: user=0.16 sys=0.00, real=0.02 secs]
    2020-10-26T23:47:38.455+0800: [Full GC (Ergonomics) [PSYoungGen: 29688K->26772K(58368K)] [ParOldGen: 174741K->175066K(175104K)] 204430K->201839K(233472K), [Metaspace: 2691K->2691K(1056768K)], 0.0159873 secs] [Times: user=0.16 sys=0.00, real=0.02 secs]
    2020-10-26T23:47:38.472+0800: [Full GC (Ergonomics) [PSYoungGen: 29477K->26628K(58368K)] [ParOldGen: 175066K->174992K(175104K)] 204544K->201620K(233472K), [Metaspace: 2691K->2691K(1056768K)], 0.0261942 secs] [Times: user=0.30 sys=0.00, real=0.03 secs]
    2020-10-26T23:47:38.499+0800: [Full GC (Ergonomics) [PSYoungGen: 29634K->27882K(58368K)] [ParOldGen: 174992K->174568K(175104K)] 204626K->202450K(233472K), [Metaspace: 2691K->2691K(1056768K)], 0.0254063 secs] [Times: user=0.16 sys=0.00, real=0.02 secs]
    2020-10-26T23:47:38.525+0800: [Full GC (Ergonomics) [PSYoungGen: 29008K->27782K(58368K)] [ParOldGen: 174568K->174568K(175104K)] 203576K->202350K(233472K), [Metaspace: 2691K->2691K(1056768K)], 0.0025342 secs] [Times: user=0.00 sys=0.00, real=0.00 secs]
    2020-10-26T23:47:38.528+0800: [Full GC (Ergonomics) [PSYoungGen: 29635K->28599K(58368K)] [ParOldGen: 174568K->174568K(175104K)] 204203K->203167K(233472K), [Metaspace: 2691K->2691K(1056768K)], 0.0022921 secs] [Times: user=0.00 sys=0.00, real=0.00 secs]
    2020-10-26T23:47:38.530+0800: [Full GC (Ergonomics) [PSYoungGen: 29498K->27779K(58368K)] [ParOldGen: 174568K->175006K(175104K)] 204066K->202786K(233472K), [Metaspace: 2691K->2691K(1056768K)], 0.0205627 secs] [Times: user=0.16 sys=0.00, real=0.02 secs]
    2020-10-26T23:47:38.552+0800: [Full GC (Ergonomics) [PSYoungGen: 29691K->27738K(58368K)] [ParOldGen: 175006K->174820K(175104K)] 204697K->202558K(233472K), [Metaspace: 2691K->2691K(1056768K)], 0.0283777 secs] [Times: user=0.31 sys=0.00, real=0.03 secs]
    2020-10-26T23:47:38.580+0800: [Full GC (Ergonomics) [PSYoungGen: 29464K->28373K(58368K)] [ParOldGen: 174820K->174820K(175104K)] 204284K->203194K(233472K), [Metaspace: 2691K->2691K(1056768K)], 0.0024498 secs] [Times: user=0.00 sys=0.00, real=0.00 secs]
    2020-10-26T23:47:38.583+0800: [Full GC (Ergonomics) [PSYoungGen: 29359K->28336K(58368K)] [ParOldGen: 174820K->174905K(175104K)] 204180K->203241K(233472K), [Metaspace: 2691K->2691K(1056768K)], 0.0219131 secs] [Times: user=0.31 sys=0.00, real=0.02 secs]
    2020-10-26T23:47:38.606+0800: [Full GC (Ergonomics) [PSYoungGen: 29664K->28489K(58368K)] [ParOldGen: 174905K->174681K(175104K)] 204569K->203171K(233472K), [Metaspace: 2691K->2691K(1056768K)], 0.0186262 secs] [Times: user=0.06 sys=0.00, real=0.02 secs]
    2020-10-26T23:47:38.625+0800: [Full GC (Ergonomics) [PSYoungGen: 29684K->29090K(58368K)] [ParOldGen: 174681K->174636K(175104K)] 204366K->203727K(233472K), [Metaspace: 2691K->2691K(1056768K)], 0.0201891 secs] [Times: user=0.16 sys=0.00, real=0.02 secs]
    2020-10-26T23:47:38.645+0800: [Full GC (Ergonomics) [PSYoungGen: 29452K->29422K(58368K)] [ParOldGen: 174636K->174536K(175104K)] 204088K->203959K(233472K), [Metaspace: 2691K->2691K(1056768K)], 0.0151449 secs] [Times: user=0.16 sys=0.00, real=0.02 secs]
    2020-10-26T23:47:38.661+0800: [Full GC (Ergonomics) [PSYoungGen: 29661K->29514K(58368K)] [ParOldGen: 175058K->174680K(175104K)] 204719K->204195K(233472K), [Metaspace: 2691K->2691K(1056768K)], 0.0024216 secs] [Times: user=0.00 sys=0.00, real=0.00 secs]
    2020-10-26T23:47:38.663+0800: [Full GC (Ergonomics) [PSYoungGen: 29533K->29514K(58368K)] [ParOldGen: 174968K->174824K(175104K)] 204501K->204339K(233472K), [Metaspace: 2691K->2691K(1056768K)], 0.0019584 secs] [Times: user=0.16 sys=0.00, real=0.00 secs]
    2020-10-26T23:47:38.666+0800: [Full GC (Ergonomics) [PSYoungGen: 29681K->29681K(58368K)] [ParOldGen: 174824K->174536K(175104K)] 204506K->204218K(233472K), [Metaspace: 2691K->2691K(1056768K)], 0.0019435 secs] [Times: user=0.00 sys=0.00, real=0.00 secs]
    2020-10-26T23:47:38.668+0800: [Full GC (Ergonomics) [PSYoungGen: 29696K->29695K(58368K)] [ParOldGen: 175103K->174208K(175104K)] 204799K->203904K(233472K), [Metaspace: 2691K->2691K(1056768K)], 0.0143098 secs] [Times: user=0.03 sys=0.00, real=0.01 secs]
    2020-10-26T23:47:38.683+0800: [Full GC (Ergonomics) [PSYoungGen: 29695K->29695K(58368K)] [ParOldGen: 174208K->174208K(175104K)] 203904K->203904K(233472K), [Metaspace: 2691K->2691K(1056768K)], 0.0025771 secs] [Times: user=0.00 sys=0.00, real=0.00 secs]
    2020-10-26T23:47:38.686+0800: [Full GC (Ergonomics) [PSYoungGen: 29696K->29695K(58368K)] [ParOldGen: 175023K->174496K(175104K)] 204719K->204191K(233472K), [Metaspace: 2691K->2691K(1056768K)], 0.0024255 secs] [Times: user=0.00 sys=0.00, real=0.00 secs]
    2020-10-26T23:47:38.688+0800: [Full GC (Ergonomics) [PSYoungGen: 29695K->29695K(58368K)] [ParOldGen: 175017K->174514K(175104K)] 204713K->204210K(233472K), [Metaspace: 2691K->2691K(1056768K)], 0.0020488 secs] [Times: user=0.00 sys=0.00, real=0.00 secs]
    2020-10-26T23:47:38.691+0800: [Full GC (Ergonomics) [PSYoungGen: 29695K->29459K(58368K)] [ParOldGen: 175017K->174983K(175104K)] 204713K->204443K(233472K), [Metaspace: 2691K->2691K(1056768K)], 0.0104817 secs] [Times: user=0.16 sys=0.00, real=0.01 secs]
    2020-10-26T23:47:38.701+0800: [Full GC (Allocation Failure) [PSYoungGen: 29459K->29459K(58368K)] [ParOldGen: 174983K->174964K(175104K)] 204443K->204424K(233472K), [Metaspace: 2691K->2691K(1056768K)], 0.0220281 secs] [Times: user=0.16 sys=0.00, real=0.02 secs]
what?一直FGC，而且观察下来，每一个FGC最后回收的Old区平均在1-2M左右，基本等于没回收，GC完Old还是100%使用，而且Young区也是基本上都没有回收掉多少内存，全部FGC耗时总共有500多ms,要OOM了。

这里正好因为Young区回收不掉导致Young区内存使用率一直100%，但是日志显示Young区总共有58M空间可用，为什么每次回收Young区显示都只占用了一半容量，这是因为Parallel Scanvage用的标记-复制算法，只能使用一半，需要留一半空间，进行回收过程的对象复制。

    Exception in thread "main" java.lang.OutOfMemoryError: Java heap space
            at GCLogAnalysis.generateGarbage(GCLogAnalysis.java:42)
            at GCLogAnalysis.main(GCLogAnalysis.java:25)
fine，Young区和Old区都没有空间分配给新对象，OOM了。

    Heap
    PSYoungGen      total 58368K, used 29696K [0x00000000fab00000, 0x0000000100000000, 0x0000000100000000)
    eden space 29696K, 100% used [0x00000000fab00000,0x00000000fc800000,0x00000000fc800000)
    from space 28672K, 0% used [0x00000000fe400000,0x00000000fe400000,0x0000000100000000)
    to   space 28672K, 0% used [0x00000000fc800000,0x00000000fc800000,0x00000000fe400000)
    ParOldGen       total 175104K, used 174964K [0x00000000f0000000, 0x00000000fab00000, 0x00000000fab00000)
    object space 175104K, 99% used [0x00000000f0000000,0x00000000faadd2c0,0x00000000fab00000)
    Metaspace       used 2722K, capacity 4486K, committed 4864K, reserved 1056768K
    class space    used 293K, capacity 386K, committed 512K, reserved 1048576K

OOM后程序直接结束，也能看到Young区和Old区内存基本上是满的。